Component: ARM Compiler 6.14 Tool: armlink [5db06800]

==============================================================================

Section Cross References

    main.o(.text.main) refers to misc.o(.text.NVIC_PriorityGroupConfig) for NVIC_PriorityGroupConfig
    main.o(.text.main) refers to board.o(.text._Z11sysTickInitv) for sysTickInit()
    main.o(.text.main) refers to timer.o(.text.ConfigureTimeForRunTimeStats) for ConfigureTimeForRunTimeStats
    main.o(.text.main) refers to board.o(.text._Z12boardALLInitv) for boardALLInit()
    main.o(.ARM.exidx.text.main) refers to main.o(.text.main) for [Anonymous Symbol]
    board.o(.text._Z11sysTickInitv) refers to stm32f4xx_rcc.o(.text.RCC_GetClocksFreq) for RCC_GetClocksFreq
    board.o(.text._Z11sysTickInitv) refers to board.o(.text._ZL14SysTick_Configj) for _ZL14SysTick_Configj
    board.o(.text._Z11sysTickInitv) refers to misc.o(.text.SysTick_CLKSourceConfig) for SysTick_CLKSourceConfig
    board.o(.ARM.exidx.text._Z11sysTickInitv) refers to board.o(.text._Z11sysTickInitv) for [Anonymous Symbol]
    board.o(.text._ZL14SysTick_Configj) refers to board.o(.text._ZL18__NVIC_SetPriority4IRQnj) for _ZL18__NVIC_SetPriority4IRQnj
    board.o(.ARM.exidx.text._ZL14SysTick_Configj) refers to board.o(.text._ZL14SysTick_Configj) for [Anonymous Symbol]
    board.o(.text._Z18timeIntervalFrom_ff) refers to timer.o(.text._Z12getSysTimeUsv) for getSysTimeUs()
    board.o(.text._Z18timeIntervalFrom_ff) refers to ffltul.o(.text) for __aeabi_ul2f
    board.o(.ARM.exidx.text._Z18timeIntervalFrom_ff) refers to board.o(.text._Z18timeIntervalFrom_ff) for [Anonymous Symbol]
    board.o(.text._Z16timeIntervalFromy) refers to timer.o(.text._Z12getSysTimeUsv) for getSysTimeUs()
    board.o(.ARM.exidx.text._Z16timeIntervalFromy) refers to board.o(.text._Z16timeIntervalFromy) for [Anonymous Symbol]
    board.o(.text._Z7delayUsj) refers to timer.o(.text._Z12getSysTimeUsv) for getSysTimeUs()
    board.o(.ARM.exidx.text._Z7delayUsj) refers to board.o(.text._Z7delayUsj) for [Anonymous Symbol]
    board.o(.text._Z7delayMsj) refers to board.o(.text._Z7delayUsj) for delayUs(unsigned)
    board.o(.ARM.exidx.text._Z7delayMsj) refers to board.o(.text._Z7delayMsj) for [Anonymous Symbol]
    board.o(.text._Z12boardALLInitv) refers to can.o(.text._Z7canInitP11CAN_TypeDef) for canInit(CAN_TypeDef*)
    board.o(.text._Z12boardALLInitv) refers to led_task.o(.text._Z7ledInitv) for ledInit()
    board.o(.text._Z12boardALLInitv) refers to imu_task.o(.text._Z7imuInitv) for imuInit()
    board.o(.text._Z12boardALLInitv) refers to chassis_task.o(.bss.l1) for l1
    board.o(.text._Z12boardALLInitv) refers to filter.o(.text._ZN5Lpf2p13SetCutoffFreqEff) for Lpf2p::SetCutoffFreq(float, float)
    board.o(.text._Z12boardALLInitv) refers to chassis_task.o(.bss.l2) for l2
    board.o(.text._Z12boardALLInitv) refers to chassis_task.o(.bss.l3) for l3
    board.o(.text._Z12boardALLInitv) refers to ptz_task.o(.bss.ptz) for ptz
    board.o(.text._Z12boardALLInitv) refers to ptz_task.o(.text._ZN3PTZ13Ptz_Task_InitEv) for PTZ::Ptz_Task_Init()
    board.o(.text._Z12boardALLInitv) refers to dbus.o(.bss.RC) for RC
    board.o(.text._Z12boardALLInitv) refers to dbus.o(.text._ZN3_RC4initEv) for _RC::init()
    board.o(.text._Z12boardALLInitv) refers to vision.o(.text._Z11Vision_Initv) for Vision_Init()
    board.o(.text._Z12boardALLInitv) refers to iwdg.o(.text._Z8iwdgInitht) for iwdgInit(unsigned char, unsigned short)
    board.o(.text._Z12boardALLInitv) refers to board.o(.bss.Init_OK) for Init_OK
    board.o(.ARM.exidx.text._Z12boardALLInitv) refers to board.o(.text._Z12boardALLInitv) for [Anonymous Symbol]
    board.o(.ARM.exidx.text._ZL18__NVIC_SetPriority4IRQnj) refers to board.o(.text._ZL18__NVIC_SetPriority4IRQnj) for [Anonymous Symbol]
    cycle.o(.text._ZN5Cycle9getCycleTEv) refers to timer.o(.text._Z12getSysTimeUsv) for getSysTimeUs()
    cycle.o(.text._ZN5Cycle9getCycleTEv) refers to ffltul.o(.text) for __aeabi_ul2f
    cycle.o(.ARM.exidx.text._ZN5Cycle9getCycleTEv) refers to cycle.o(.text._ZN5Cycle9getCycleTEv) for [Anonymous Symbol]
    stm32f4xx_it.o(.ARM.exidx.text.NMI_Handler) refers to stm32f4xx_it.o(.text.NMI_Handler) for [Anonymous Symbol]
    stm32f4xx_it.o(.ARM.exidx.text.HardFault_Handler) refers to stm32f4xx_it.o(.text.HardFault_Handler) for [Anonymous Symbol]
    stm32f4xx_it.o(.ARM.exidx.text.MemManage_Handler) refers to stm32f4xx_it.o(.text.MemManage_Handler) for [Anonymous Symbol]
    stm32f4xx_it.o(.ARM.exidx.text.BusFault_Handler) refers to stm32f4xx_it.o(.text.BusFault_Handler) for [Anonymous Symbol]
    stm32f4xx_it.o(.ARM.exidx.text.UsageFault_Handler) refers to stm32f4xx_it.o(.text.UsageFault_Handler) for [Anonymous Symbol]
    stm32f4xx_it.o(.ARM.exidx.text.DebugMon_Handler) refers to stm32f4xx_it.o(.text.DebugMon_Handler) for [Anonymous Symbol]
    stm32f4xx_it.o(.text.SysTick_Handler) refers to board.o(.bss.sysTickUptime) for sysTickUptime
[...]
    0x08001f66   0x08001f66   0x00000002   PAD
    0x08001f68   0x08001f68   0x000000c2   Code   RO         1602    .text.FLASH_EraseSector  stm32f4xx_flash.o
    0x0800202a   0x0800202a   0x00000002   PAD
    0x0800202c   0x0800202c   0x000000a2   Code   RO         1664    .text.FLASH_GetStatus  stm32f4xx_flash.o
    0x080020ce   0x080020ce   0x00000002   PAD
    0x080020d0   0x080020d0   0x00000012   Code   RO         1600    .text.FLASH_Lock    stm32f4xx_flash.o
    0x080020e2   0x080020e2   0x00000002   PAD
    0x080020e4   0x080020e4   0x00000064   Code   RO         1614    .text.FLASH_ProgramWord  stm32f4xx_flash.o
    0x08002148   0x08002148   0x00000032   Code   RO         1598    .text.FLASH_Unlock  stm32f4xx_flash.o
    0x0800217a   0x0800217a   0x00000002   PAD
    0x0800217c   0x0800217c   0x00000030   Code   RO         1604    .text.FLASH_WaitForLastOperation  stm32f4xx_flash.o
    0x080021ac   0x080021ac   0x000000fa   Code   RO         1722    .text.GPIO_Init     stm32f4xx_gpio.o
    0x080022a6   0x080022a6   0x00000002   PAD
    0x080022a8   0x080022a8   0x0000007a   Code   RO         1746    .text.GPIO_PinAFConfig  stm32f4xx_gpio.o
    0x08002322   0x08002322   0x00000002   PAD
    0x08002324   0x08002324   0x0000006c   Code   RO          176    .text.Get_CRC16_Check_Sum  crc.o
    0x08002390   0x08002390   0x00000004   Code   RO           45    .text.HardFault_Handler  stm32f4xx_it.o
    0x08002394   0x08002394   0x00000010   Code   RO         1840    .text.IWDG_Enable   stm32f4xx_iwdg.o
    0x080023a4   0x080023a4   0x00000010   Code   RO         1838    .text.IWDG_ReloadCounter  stm32f4xx_iwdg.o
    0x080023b4   0x080023b4   0x0000001a   Code   RO         1834    .text.IWDG_SetPrescaler  stm32f4xx_iwdg.o
    0x080023ce   0x080023ce   0x00000002   PAD
    0x080023d0   0x080023d0   0x0000001a   Code   RO         1836    .text.IWDG_SetReload  stm32f4xx_iwdg.o
    0x080023ea   0x080023ea   0x00000002   PAD
    0x080023ec   0x080023ec   0x0000001a   Code   RO         1832    .text.IWDG_WriteAccessCmd  stm32f4xx_iwdg.o
    0x08002406   0x08002406   0x00000002   PAD
    0x08002408   0x08002408   0x00000004   Code   RO           47    .text.MemManage_Handler  stm32f4xx_it.o
    0x0800240c   0x0800240c   0x00000002   Code   RO           43    .text.NMI_Handler   stm32f4xx_it.o
    0x0800240e   0x0800240e   0x00000002   PAD
    0x08002410   0x08002410   0x000000d2   Code   RO         1305    .text.NVIC_Init     misc.o
    0x080024e2   0x080024e2   0x00000002   PAD
    0x080024e4   0x080024e4   0x0000001c   Code   RO         1303    .text.NVIC_PriorityGroupConfig  misc.o
    0x08002500   0x08002500   0x0000003e   Code   RO         1917    .text.RCC_AHB1PeriphClockCmd  stm32f4xx_rcc.o
    0x0800253e   0x0800253e   0x00000002   PAD
    0x08002540   0x08002540   0x0000003e   Code   RO         1923    .text.RCC_APB1PeriphClockCmd  stm32f4xx_rcc.o
    0x0800257e   0x0800257e   0x00000002   PAD
    0x08002580   0x08002580   0x0000003e   Code   RO         1933    .text.RCC_APB1PeriphResetCmd  stm32f4xx_rcc.o
    0x080025be   0x080025be   0x00000002   PAD
    0x080025c0   0x080025c0   0x0000003e   Code   RO         1935    .text.RCC_APB2PeriphResetCmd  stm32f4xx_rcc.o
    0x080025fe   0x080025fe   0x00000002   PAD
    0x08002600   0x08002600   0x00000166   Code   RO         1895    .text.RCC_GetClocksFreq  stm32f4xx_rcc.o
    0x08002766   0x08002766   0x00000002   PAD
    0x08002768   0x08002768   0x00000136   Code   RO         2368    .text.SetSysClock   system_stm32f4xx.o
    0x0800289e   0x0800289e   0x00000002   PAD
    0x080028a0   0x080028a0   0x00000034   Code   RO         1311    .text.SysTick_CLKSourceConfig  misc.o
    0x080028d4   0x080028d4   0x00000060   Code   RO           55    .text.SysTick_Handler  stm32f4xx_it.o
    0x08002934   0x08002934   0x00000074   Code   RO         2366    .text.SystemInit    system_stm32f4xx.o
    0x080029a8   0x080029a8   0x000001dc   Code   RO           83    .text.TDT_Loop      schedule.o
    0x08002b84   0x08002b84   0x0000002e   Code   RO          629    .text.TIM2_IRQHandler  timer.o
    0x08002bb2   0x08002bb2   0x00000002   PAD
    0x08002bb4   0x08002bb4   0x00000018   Code   RO         2260    .text.TIM_ClearITPendingBit  stm32f4xx_tim.o
    0x08002bcc   0x08002bcc   0x00000030   Code   RO         2138    .text.TIM_Cmd       stm32f4xx_tim.o
    0x08002bfc   0x08002bfc   0x00000060   Code   RO         2258    .text.TIM_GetITStatus  stm32f4xx_tim.o
    0x08002c5c   0x08002c5c   0x0000003c   Code   RO         2250    .text.TIM_ITConfig  stm32f4xx_tim.o
    0x08002c98   0x08002c98   0x0000010e   Code   RO         2112    .text.TIM_TimeBaseInit  stm32f4xx_tim.o
    0x08002da6   0x08002da6   0x00000002   PAD
    0x08002da8   0x08002da8   0x00000112   Code   RO          647    .text.UART5_IRQHandler  vision.o
    0x08002eba   0x08002eba   0x00000002   PAD
    0x08002ebc   0x08002ebc   0x00000152   Code   RO          830    .text.USART2_IRQHandler  dbus.o
    0x0800300e   0x0800300e   0x00000002   PAD
    0x08003010   0x08003010   0x00000026   Code   RO         2353    .text.USART_ClearFlag  stm32f4xx_usart.o
    0x08003036   0x08003036   0x00000002   PAD
    0x08003038   0x08003038   0x00000048   Code   RO         2357    .text.USART_ClearITPendingBit  stm32f4xx_usart.o
    0x08003080   0x08003080   0x00000030   Code   RO         2311    .text.USART_Cmd     stm32f4xx_usart.o
    0x080030b0   0x080030b0   0x0000003c   Code   RO         2347    .text.USART_DMACmd  stm32f4xx_usart.o
    0x080030ec   0x080030ec   0x00000144   Code   RO         2301    .text.USART_DeInit  stm32f4xx_usart.o
    0x08003230   0x08003230   0x000000ba   Code   RO         2355    .text.USART_GetITStatus  stm32f4xx_usart.o
    0x080032ea   0x080032ea   0x00000002   PAD
    0x080032ec   0x080032ec   0x0000009c   Code   RO         2349    .text.USART_ITConfig  stm32f4xx_usart.o
    0x08003388   0x08003388   0x00000164   Code   RO         2303    .text.USART_Init    stm32f4xx_usart.o
    0x080034ec   0x080034ec   0x00000010   Code   RO         2321    .text.USART_ReceiveData  stm32f4xx_usart.o
    0x080034fc   0x080034fc   0x00000004   Code   RO           51    .text.UsageFault_Handler  stm32f4xx_it.o
    0x08003500   0x08003500   0x0000007e   Code   RO          178    .text.Verify_CRC16_Check_Sum  crc.o
    0x0800357e   0x0800357e   0x00000002   PAD
    0x08003580   0x08003580   0x00000008   Code   RO          460    .text._GLOBAL__sub_I_KeyProcess.cpp  keyprocess.o
    0x08003588   0x08003588   0x00000008   Code   RO          769    .text._GLOBAL__sub_I_adc.cpp  adc.o
    0x08003590   0x08003590   0x00000008   Code   RO         2665    .text._GLOBAL__sub_I_ammo_cover_task.cpp  ammo_cover_task.o
    0x08003598   0x08003598   0x00000008   Code   RO         1255    .text._GLOBAL__sub_I_bl24c512a.cpp  bl24c512a.o
    0x080035a0   0x080035a0   0x00000008   Code   RO          605    .text._GLOBAL__sub_I_can.cpp  can.o
    0x080035a8   0x080035a8   0x00000008   Code   RO         2411    .text._GLOBAL__sub_I_chassis_task.cpp  chassis_task.o
    0x080035b0   0x080035b0   0x00000008   Code   RO         2617    .text._GLOBAL__sub_I_fire_task.cpp  fire_task.o
    0x080035b8   0x080035b8   0x00000008   Code   RO         1192    .text._GLOBAL__sub_I_flash_var.cpp  flash_var.o
    0x080035c0   0x080035c0   0x00000008   Code   RO         1132    .text._GLOBAL__sub_I_judgement.cpp  judgement.o
    0x080035c8   0x080035c8   0x0000000c   Code   RO         2510    .text._GLOBAL__sub_I_led_task.cpp  led_task.o
    0x080035d4   0x080035d4   0x00000008   Code   RO         1287    .text._GLOBAL__sub_I_power.cpp  power.o
    0x080035dc   0x080035dc   0x00000008   Code   RO         2543    .text._GLOBAL__sub_I_ptz_task.cpp  ptz_task.o
    0x080035e4   0x080035e4   0x00000008   Code   RO          799    .text._GLOBAL__sub_I_pwm.cpp  pwm.o
    0x080035ec   0x080035ec   0x00000014   Code   RO          526    .text._GLOBAL__sub_I_smooth_start.cpp  smooth_start.o
    0x08003600   0x08003600   0x00000010   Code   RO         2709    .text._GLOBAL__sub_I_state_task.cpp  state_task.o
    0x08003610   0x08003610   0x00000008   Code   RO          649    .text._GLOBAL__sub_I_vision.cpp  vision.o
    0x08003618   0x08003618   0x00000664   Code   RO         2691    .text._Z10State_Ctrlv  state_task.o
    0x08003c7c   0x08003c7c   0x00000294   Code   RO          284    .text._Z10fast_atan2ff  my_math.o
    0x08003f10   0x08003f10   0x000001f6   Code   RO          643    .text._Z11Vision_Initv  vision.o
    0x08004106   0x08004106   0x00000002   PAD
    0x08004108   0x08004108   0x0000003c   Code   RO           10    .text._Z11sysTickInitv  board.o
    0x08004144   0x08004144   0x0000001c   Code   RO         2391    .text._Z12Chassis_Taskv  chassis_task.o
    0x08004160   0x08004160   0x00000080   Code   RO         1186    .text._Z12SaveToMEMORYPjj  flash_var.o
    0x080041e0   0x080041e0   0x00000002   Code   RO           81    .text._Z12TDT_Loop_1Hzv  schedule.o
    0x080041e2   0x080041e2   0x00000002   PAD
    0x080041e4   0x080041e4   0x00000002   Code   RO           79    .text._Z12TDT_Loop_2Hzv  schedule.o
    0x080041e6   0x080041e6   0x00000002   PAD
    0x080041e8   0x080041e8   0x000000b0   Code   RO           22    .text._Z12boardALLInitv  board.o
    0x08004298   0x08004298   0x00000064   Code   RO          631    .text._Z12getSysTimeUsv  timer.o
    0x080042fc   0x080042fc   0x0000005e   Code   RO          298    .text._Z12my_deathzoomff  my_math.o
    0x0800435a   0x0800435a   0x00000002   PAD
    0x0800435c   0x0800435c   0x0000003c   Code   RO         1184    .text._Z13STMFLASH_ReadjPjj  flash_var.o
    0x08004398   0x08004398   0x00000002   Code   RO           77    .text._Z13TDT_Loop_10Hzv  schedule.o
    0x0800439a   0x0800439a   0x00000002   PAD
    0x0800439c   0x0800439c   0x00000008   Code   RO           75    .text._Z13TDT_Loop_20Hzv  schedule.o
    0x080043a4   0x080043a4   0x00000002   Code   RO           73    .text._Z13TDT_Loop_50Hzv  schedule.o
    0x080043a6   0x080043a6   0x00000002   PAD
    0x080043a8   0x080043a8   0x000000a4   Code   RO         1188    .text._Z14ReadFromMEMORYv  flash_var.o
    0x0800444c   0x0800444c   0x000000fc   Code   RO         1182    .text._Z14STMFLASH_WritejPjj  flash_var.o
    0x08004548   0x08004548   0x00000002   Code   RO           71    .text._Z14TDT_Loop_100Hzv  schedule.o
    0x0800454a   0x0800454a   0x00000002   PAD
    0x0800454c   0x0800454c   0x00000002   Code   RO           69    .text._Z14TDT_Loop_200Hzv  schedule.o
    0x0800454e   0x0800454e   0x00000002   PAD
    0x08004550   0x08004550   0x0000003c   Code   RO           67    .text._Z14TDT_Loop_500Hzv  schedule.o
    0x0800458c   0x0800458c   0x00000032   Code   RO           65    .text._Z15TDT_Loop_1000Hzv  schedule.o
    0x080045be   0x080045be   0x00000002   PAD
    0x080045c0   0x080045c0   0x00000022   Code   RO           16    .text._Z16timeIntervalFromy  board.o
    0x080045e2   0x080045e2   0x00000002   PAD
    0x080045e4   0x080045e4   0x000000a6   Code   RO          645    .text._Z16vision_Send_Datav  vision.o
    0x0800468a   0x0800468a   0x00000002   PAD
    0x0800468c   0x0800468c   0x0000000c   Code   RO         1178    .text._Z17STMFLASH_ReadWordj  flash_var.o
    0x08004698   0x08004698   0x0000014a   Code   RO         2693    .text._Z18State_Ctrl_RC_Infov  state_task.o
    0x080047e2   0x080047e2   0x00000002   PAD
    0x080047e4   0x080047e4   0x0000002c   Code   RO           14    .text._Z18timeIntervalFrom_ff  board.o
    0x08004810   0x08004810   0x0000011c   Code   RO         1180    .text._Z23STMFLASH_GetFlashSectorj  flash_var.o
    0x0800492c   0x0800492c   0x000000cc   Code   RO          601    .text._Z5canTxPfP11CAN_TypeDefj  can.o
    0x080049f8   0x080049f8   0x00000042   Code   RO          603    .text._Z5canTxPhP11CAN_TypeDefj  can.o
    0x08004a3a   0x08004a3a   0x00000002   PAD
    0x08004a3c   0x08004a3c   0x000000ba   Code   RO          587    .text._Z7canInitP11CAN_TypeDef  can.o
    0x08004af6   0x08004af6   0x00000002   PAD
    0x08004af8   0x08004af8   0x00000016   Code   RO           20    .text._Z7delayMsj   board.o
    0x08004b0e   0x08004b0e   0x00000002   PAD
    0x08004b10   0x08004b10   0x00000032   Code   RO           18    .text._Z7delayUsj   board.o
    0x08004b42   0x08004b42   0x00000002   PAD
    0x08004b44   0x08004b44   0x000001ac   Code   RO         2467    .text._Z7imuInitv   imu_task.o
    0x08004cf0   0x08004cf0   0x00000038   Code   RO         2506    .text._Z7ledInitv   led_task.o
    0x08004d28   0x08004d28   0x00000084   Code   RO          290    .text._Z7my_sqrtf   my_math.o
    0x08004dac   0x08004dac   0x00000114   Code   RO         2465    .text._Z8Imu_Taskv  imu_task.o
    0x08004ec0   0x08004ec0   0x000000cc   Code   RO         2508    .text._Z8Led_Taskv  led_task.o
    0x08004f8c   0x08004f8c   0x00000028   Code   RO         2527    .text._Z8Ptz_taskv  ptz_task.o
    0x08004fb4   0x08004fb4   0x00000008   Code   RO          544    .text._Z8iwdgFeedv  iwdg.o
    0x08004fbc   0x08004fbc   0x00000038   Code   RO          542    .text._Z8iwdgInitht  iwdg.o
    0x08004ff4   0x08004ff4   0x000000bc   Code   RO         2653    .text._Z9Ammo_Taskv  ammo_cover_task.o
    0x080050b0   0x080050b0   0x00000040   Code   RO         2597    .text._Z9Fire_Taskv  fire_task.o
    0x080050f0   0x080050f0   0x00000042   Code   RO         1094    .text._Z9ringQueuev  judgement.o
    0x08005132   0x08005132   0x00000002   PAD
    0x08005134   0x08005134   0x00000030   Code   RO          685    .text._ZL13judge_BitSitet  iic.o
    0x08005164   0x08005164   0x00000030   Code   RO          761    .text._ZL13judge_BitSitet  adc.o
    0x08005194   0x08005194   0x00000030   Code   RO          789    .text._ZL13judge_BitSitet  pwm.o
    0x080051c4   0x080051c4   0x00000052   Code   RO           12    .text._ZL14SysTick_Configj  board.o
    0x08005216   0x08005216   0x00000002   PAD
    0x08005218   0x08005218   0x00000148   Code   RO          589    .text._ZL15canGpioNvicInitP11CAN_TypeDef  can.o
    0x08005360   0x08005360   0x00000034   Code   RO          791    .text._ZL16judge_timBitSitet  pwm.o
    0x08005394   0x08005394   0x00000044   Code   RO           24    .text._ZL18__NVIC_SetPriority4IRQnj  board.o
    0x080053d8   0x080053d8   0x00000026   Code   RO          215    .text._ZL18__NVIC_SystemResetv  imu.o
    0x080053fe   0x080053fe   0x00000002   PAD
    0x08005400   0x08005400   0x00000026   Code   RO          826    .text._ZL18__NVIC_SystemResetv  dbus.o
    0x08005426   0x08005426   0x00000002   PAD
    0x08005428   0x08005428   0x00000026   Code   RO         1163    .text._ZL18__NVIC_SystemResetv  multi_imu.o
    0x0800544e   0x0800544e   0x00000002   PAD
    0x08005450   0x08005450   0x00000026   Code   RO         2707    .text._ZL18__NVIC_SystemResetv  state_task.o
    0x08005476   0x08005476   0x00000002   PAD
    0x08005478   0x08005478   0x0000007a   Code   RO          627    .text._ZL9TIM2_Initjt  timer.o
    0x080054f2   0x080054f2   0x00000002   PAD
    0x080054f4   0x080054f4   0x00000026   Code   RO          475    .text._ZN10KeyProcess10preReleaseEv  keyprocess.o
    0x0800551a   0x0800551a   0x00000002   PAD
    0x0800551c   0x0800551c   0x00000012   Code   RO          473    .text._ZN10KeyProcess6enableEv  keyprocess.o
    0x0800552e   0x0800552e   0x00000002   PAD
    0x08005530   0x08005530   0x00000034   Code   RO          456    .text._ZN10KeyProcess7disableEv  keyprocess.o
    0x08005564   0x08005564   0x00000020   Code   RO          477    .text._ZN10KeyProcess7preHoldEv  keyprocess.o
    0x08005584   0x08005584   0x00000026   Code   RO          479    .text._ZN10KeyProcess8prePressEv  keyprocess.o
    0x080055aa   0x080055aa   0x00000002   PAD
    0x080055ac   0x080055ac   0x00000088   Code   RO          450    .text._ZN10KeyProcess9keyHandleEt  keyprocess.o
    0x08005634   0x08005634   0x0000014c   Code   RO          452    .text._ZN10KeyProcess9keyTravelEtttj  keyprocess.o
    0x08005780   0x08005780   0x00000d96   Code   RO          446    .text._ZN10KeyProcessC2EtPFvPjES2_S2_hh  keyprocess.o
    0x08006516   0x08006516   0x00000002   PAD
    0x08006518   0x08006518   0x00000024   Code   RO          448    .text._ZN10KeyProcessC2Ev  keyprocess.o
    0x0800653c   0x0800653c   0x00000004   Code   RO         3044    .text._ZN10__cxxabiv116__shim_type_infoD2Ev  libcppabi_w.l(private_typeinfo.cpp.o)
    0x08006540   0x08006540   0x0000000e   Code   RO         3060    .text._ZN10__cxxabiv117__class_type_infoD0Ev  libcppabi_w.l(private_typeinfo.cpp.o)
    0x0800654e   0x0800654e   0x0000000e   Code   RO         3062    .text._ZN10__cxxabiv120__si_class_type_infoD0Ev  libcppabi_w.l(private_typeinfo.cpp.o)
    0x0800655c   0x0800655c   0x0000000e   Code   RO         3064    .text._ZN10__cxxabiv121__vmi_class_type_infoD0Ev  libcppabi_w.l(private_typeinfo.cpp.o)
    0x0800656a   0x0800656a   0x00000002   PAD
    0x0800656c   0x0800656c   0x00000018   Code   RO          118    .text._ZN11_FbValuePtrC2Ev  pid.o
    0x08006584   0x08006584   0x00000014   Code   RO          108    .text._ZN11_FbValuePtraSEPf  pid.o
    0x08006598   0x08006598   0x00000014   Code   RO          104    .text._ZN11_FbValuePtraSEPi  pid.o
    0x080065ac   0x080065ac   0x00000014   Code   RO          102    .text._ZN11_FbValuePtraSEPs  pid.o
    0x080065c0   0x080065c0   0x0000021e   Code   RO          114    .text._ZN11_FbValuePtrdeEv  pid.o
    0x080067de   0x080067de   0x00000002   PAD
    0x080067e0   0x080067e0   0x00000012   Code   RO          116    .text._ZN11_FbValuePtrntEv  pid.o
    0x080067f2   0x080067f2   0x00000002   PAD
    0x080067f4   0x080067f4   0x00000010   Code   RO          622    .text._ZN12PowerRecvMsgC2Ev  can.o
    0x08006804   0x08006804   0x00000238   Code   RO         2697    .text._ZN13FastSelfCheck3runEv  state_task.o
    0x08006a3c   0x08006a3c   0x0000000e   Code   RO         2733    .text._ZN13FastSelfCheckC2Ev  state_task.o
    0x08006a4a   0x08006a4a   0x00000002   PAD
    0x08006a4c   0x08006a4c   0x00000046   Code   RO          423    .text._ZN16TimeSimultaneity10clearCatchEv  timematch.o
    0x08006a92   0x08006a92   0x00000002   PAD
    0x08006a94   0x08006a94   0x0000001a   Code   RO          415    .text._ZN16TimeSimultaneity12getFixedTimeEf  timematch.o
    0x08006aae   0x08006aae   0x00000002   PAD
    0x08006ab0   0x08006ab0   0x0000009c   Code   RO          425    .text._ZN16TimeSimultaneity3popEv  timematch.o
    0x08006b4c   0x08006b4c   0x00000150   Code   RO          427    .text._ZN16TimeSimultaneity3topEfb  timematch.o
    0x08006c9c   0x08006c9c   0x00000024   Code   RO          407    .text._ZN16TimeSimultaneity5node_C2EPviPiS2_  timematch.o
    0x08006cc0   0x08006cc0   0x0000005a   Code   RO         2483    .text._ZN16TimeSimultaneity5node_lsI6_vec2fEERS0_T_  imu_task.o
    0x08006d1a   0x08006d1a   0x00000002   PAD
    0x08006d1c   0x08006d1c   0x0000005a   Code   RO          421    .text._ZN16TimeSimultaneity9writeDataEPcib  timematch.o
    0x08006d76   0x08006d76   0x00000002   PAD
    0x08006d78   0x08006d78   0x000000d6   Code   RO          411    .text._ZN16TimeSimultaneityC2Eiii  timematch.o
    0x08006e4e   0x08006e4e   0x00000002   PAD
    0x08006e50   0x08006e50   0x00000028   Code   RO          433    .text._ZN16TimeSimultaneityD2Ev  timematch.o
    0x08006e78   0x08006e78   0x0000008c   Code   RO         2442    .text._ZN16_doubleKickJudge13doubleKickValEh  chassis_task.o
    0x08006f04   0x08006f04   0x00000010   Code   RO         2703    .text._ZN3$_08__invokeEPj  state_task.o
    0x08006f14   0x08006f14   0x00000070   Code   RO          759    .text._ZN3AdcC2EP12GPIO_TypeDeftP11ADC_TypeDefh  adc.o
    0x08006f84   0x08006f84   0x000000c2   Code   RO          324    .text._ZN3Can12Motor_OffsetEhP8CanRxMsg  can_calculate.o
    0x08007046   0x08007046   0x00000002   PAD
    0x08007048   0x08007048   0x00000048   Code   RO          328    .text._ZN3Can15IsDJIMotorCheckE8CanRxMsg  can_calculate.o
    0x08007090   0x08007090   0x00000340   Code   RO          326    .text._ZN3Can27Motor_Information_CalculateEhP8CanRxMsg  can_calculate.o
    0x080073d0   0x080073d0   0x00000054   Code   RO          667    .text._ZN3IIC14iicRegReadByteEhh  iic.o
    0x08007424   0x08007424   0x00000136   Code   RO          669    .text._ZN3IIC14iicRegReadDataEhhPhh  iic.o
    0x0800755a   0x0800755a   0x00000002   PAD
    0x0800755c   0x0800755c   0x00000058   Code   RO          671    .text._ZN3IIC15iicRegWriteByteEhhh  iic.o
    0x080075b4   0x080075b4   0x000000de   Code   RO          673    .text._ZN3IIC15iicRegWriteDataEhhPhh  iic.o
    0x08007692   0x08007692   0x00000002   PAD
    0x08007694   0x08007694   0x00000008   Code   RO          751    .text._ZN3IIC7iicInitEv  iic.o
    0x0800769c   0x0800769c   0x00000016   Code   RO          739    .text._ZN3IICC2Ev   iic.o
    0x080076b2   0x080076b2   0x00000002   PAD
    0x080076b4   0x080076b4   0x00000016   Code   RO         2522    .text._ZN3Led13setLHNagationEh  led_task.o
    0x080076ca   0x080076ca   0x00000002   PAD
    0x080076cc   0x080076cc   0x00000052   Code   RO          849    .text._ZN3Led4initEv  led.o
    0x0800771e   0x0800771e   0x00000002   PAD
    0x08007720   0x08007720   0x00000038   Code   RO          851    .text._ZN3Led4showEh  led.o
    0x08007758   0x08007758   0x00000014   Code   RO          865    .text._ZN3Led6toggleEv  led.o
    0x0800776c   0x0800776c   0x0000005c   Code   RO          855    .text._ZN3Led8getErrorEv  led.o
    0x080077c8   0x080077c8   0x0000002a   Code   RO          250    .text._ZN3Led8setErrorEa5LedES  imu.o
    0x080077f2   0x080077f2   0x00000002   PAD
    0x080077f4   0x080077f4   0x00000062   Code   RO          857    .text._ZN3Led8setErrorEaa  led.o
    0x08007856   0x08007856   0x00000002   PAD
    0x08007858   0x08007858   0x00000198   Code   RO          853    .text._ZN3Led9stateShowEt  led.o
    0x080079f0   0x080079f0   0x00000080   Code   RO          847    .text._ZN3LedC2EjP12GPIO_TypeDeft  led.o
    0x08007a70   0x08007a70   0x0000006e   Code   RO         2529    .text._ZN3PTZ11fbValUpdateEv  ptz_task.o
    0x08007ade   0x08007ade   0x00000002   PAD
    0x08007ae0   0x08007ae0   0x00000150   Code   RO         2535    .text._ZN3PTZ11getautofireEv  ptz_task.o
    0x08007c30   0x08007c30   0x00000418   Code   RO         2531    .text._ZN3PTZ13ModeJudge_PTZEv  ptz_task.o
    0x08008048   0x08008048   0x00000636   Code   RO         2537    .text._ZN3PTZ13Ptz_Task_InitEv  ptz_task.o
    0x0800867e   0x0800867e   0x00000002   PAD
    0x08008680   0x08008680   0x000009d0   Code   RO         2533    .text._ZN3PTZ14Modeswitch_runEv  ptz_task.o
    0x08009050   0x08009050   0x0000013c   Code   RO         2541    .text._ZN3PTZ16change_directionEv  ptz_task.o
    0x0800918c   0x0800918c   0x0000006e   Code   RO         2539    .text._ZN3PTZC2Ev   ptz_task.o
    0x080091fa   0x080091fa   0x00000002   PAD
    0x080091fc   0x080091fc   0x00000150   Code   RO          144    .text._ZN3Pid10setPlanNumEi  pid.o
    0x0800934c   0x0800934c   0x0000001c   Code   RO          148    .text._ZN3Pid5ClearEv  pid.o
    0x08009368   0x08009368   0x000006ac   Code   RO          152    .text._ZN3Pid9CalculateEddiPff  pid.o
    0x08009a14   0x08009a14   0x0000006e   Code   RO          154    .text._ZN3Pid9CalculateEdiPff  pid.o
    0x08009a82   0x08009a82   0x00000002   PAD
    0x08009a84   0x08009a84   0x0000007c   Code   RO          150    .text._ZN3Pid9LoadCheckEi  pid.o
    0x08009b00   0x08009b00   0x00000096   Code   RO          142    .text._ZN3PidC2Ei   pid.o
    0x08009b96   0x08009b96   0x00000002   PAD
    0x08009b98   0x08009b98   0x000000b4   Code   RO          787    .text._ZN3PwmC2EP12GPIO_TypeDeftP11TIM_TypeDefh  pwm.o
    0x08009c4c   0x08009c4c   0x00000250   Code   RO          818    .text._ZN3_RC10handleDataEPVKh  dbus.o
    0x08009e9c   0x08009e9c   0x000000e4   Code   RO          816    .text._ZN3_RC10run_1000HzEv  dbus.o
    0x08009f80   0x08009f80   0x00000170   Code   RO          814    .text._ZN3_RC11Dbus_ConfigEv  dbus.o
    0x0800a0f0   0x0800a0f0   0x0000004e   Code   RO          828    .text._ZN3_RC12remoteUpdateEv  dbus.o
    0x0800a13e   0x0800a13e   0x00000002   PAD
    0x0800a140   0x0800a140   0x000000ea   Code   RO          820    .text._ZN3_RC12taskScheduleEv  dbus.o
    0x0800a22a   0x0800a22a   0x00000002   PAD
    0x0800a22c   0x0800a22c   0x0000001c   Code   RO          812    .text._ZN3_RC4initEv  dbus.o
    0x0800a248   0x0800a248   0x000000fe   Code   RO          824    .text._ZN3_RC8rstCountEv  dbus.o
    0x0800a346   0x0800a346   0x00000002   PAD
    0x0800a348   0x0800a348   0x0000013a   Code   RO         2615    .text._ZN4Fire12getFireLimitEv  fire_task.o
    0x0800a482   0x0800a482   0x00000002   PAD
    0x0800a484   0x0800a484   0x00000044   Code   RO         2611    .text._ZN4Fire12jgmtHeatCalcEv  fire_task.o
    0x0800a4c8   0x0800a4c8   0x000001f8   Code   RO         2605    .text._ZN4Fire13friction_ctrlEv  fire_task.o
    0x0800a6c0   0x0800a6c0   0x0000001e   Code   RO         2599    .text._ZN4Fire14ModeJudge_FireEv  fire_task.o
    0x0800a6de   0x0800a6de   0x00000002   PAD
    0x0800a6e0   0x0800a6e0   0x000004a0   Code   RO         2603    .text._ZN4Fire15fireSpeedSwitchEv  fire_task.o
    0x0800ab80   0x0800ab80   0x000001a0   Code   RO         2607    .text._ZN4Fire16frictionSpdLimitEv  fire_task.o
    0x0800ad20   0x0800ad20   0x000000f8   Code   RO         2613    .text._ZN4Fire16sprocketHeatCalcEv  fire_task.o
    0x0800ae18   0x0800ae18   0x00000600   Code   RO         2609    .text._ZN4Fire8fireloadEv  fire_task.o
    0x0800b418   0x0800b418   0x000001fc   Code   RO         2601    .text._ZN4FireC2Ettt  fire_task.o
    0x0800b614   0x0800b614   0x00000022   Code   RO          280    .text._ZN4LineIPhE4nextEv  imu.o
    0x0800b636   0x0800b636   0x00000002   PAD
    0x0800b638   0x0800b638   0x00000010   Code   RO          278    .text._ZN4LineIPhE5resetEv  imu.o
    0x0800b648   0x0800b648   0x00000054   Code   RO         2495    .text._ZN4LineIPhE6appendES0_  imu_task.o
    0x0800b69c   0x0800b69c   0x000000b0   Code   RO         2493    .text._ZN4LineIPhE6insertEjS0_  imu_task.o
    0x0800b74c   0x0800b74c   0x00000012   Code   RO         1206    .text._ZN4LineIPhEC2Ev  flash_var.o
    0x0800b75e   0x0800b75e   0x00000002   PAD
    0x0800b760   0x0800b760   0x0000005e   Code   RO         1208    .text._ZN4LineIPhED2Ev  flash_var.o
    0x0800b7be   0x0800b7be   0x00000002   PAD
    0x0800b7c0   0x0800b7c0   0x0000004c   Code   RO          268    .text._ZN4LineIPhEixEj  imu.o
    0x0800b80c   0x0800b80c   0x00000022   Code   RO          270    .text._ZN4LineItE4nextEv  imu.o
    0x0800b82e   0x0800b82e   0x00000002   PAD
    0x0800b830   0x0800b830   0x00000010   Code   RO          262    .text._ZN4LineItE5resetEv  imu.o
    0x0800b840   0x0800b840   0x0000005c   Code   RO          260    .text._ZN4LineItE6appendEt  imu.o
    0x0800b89c   0x0800b89c   0x000000ba   Code   RO         2491    .text._ZN4LineItE6insertEjt  imu_task.o
    0x0800b956   0x0800b956   0x00000002   PAD
    0x0800b958   0x0800b958   0x00000012   Code   RO          258    .text._ZN4LineItEC2Ev  imu.o
    0x0800b96a   0x0800b96a   0x00000002   PAD
    0x0800b96c   0x0800b96c   0x0000005e   Code   RO          272    .text._ZN4LineItED2Ev  imu.o
    0x0800b9ca   0x0800b9ca   0x00000002   PAD
    0x0800b9cc   0x0800b9cc   0x0000004c   Code   RO          266    .text._ZN4LineItEixEj  imu.o
    0x0800ba18   0x0800ba18   0x00000010   Code   RO         2499    .text._ZN4NodeIPhE6appendEPS1_  imu_task.o
    0x0800ba28   0x0800ba28   0x00000014   Code   RO         2497    .text._ZN4NodeIPhEC2ES0_  imu_task.o
    0x0800ba3c   0x0800ba3c   0x00000010   Code   RO          276    .text._ZN4NodeItE6appendEPS0_  imu.o
    0x0800ba4c   0x0800ba4c   0x0000001a   Code   RO          274    .text._ZN4NodeItEC2Et  imu.o
    0x0800ba66   0x0800ba66   0x00000002   PAD
    0x0800ba68   0x0800ba68   0x00000074   Code   RO           35    .text._ZN5Cycle9getCycleTEv  cycle.o
    0x0800badc   0x0800badc   0x00000022   Code   RO          167    .text._ZN5CycleC2Ev  pid.o
    0x0800bafe   0x0800bafe   0x00000002   PAD
    0x0800bb00   0x0800bb00   0x00000108   Code   RO          192    .text._ZN5Lpf2p13SetCutoffFreqEff  filter.o
    0x0800bc08   0x0800bc08   0x000000c6   Code   RO          194    .text._ZN5Lpf2p5ApplyEf  filter.o
    0x0800bcce   0x0800bcce   0x00000002   PAD
    0x0800bcd0   0x0800bcd0   0x0000005c   Code   RO          900    .text._ZN5Motor10isDJIMotorEP11CAN_TypeDefj  motor.o
    0x0800bd2c   0x0800bd2c   0x00000262   Code   RO          942    .text._ZN5Motor10sendCanMsgEv  motor.o
    0x0800bf8e   0x0800bf8e   0x00000002   PAD
    0x0800bf90   0x0800bf90   0x000001d0   Code   RO          902    .text._ZN5Motor11ctrlCurrentEfh  motor.o
    0x0800c160   0x0800c160   0x000000b8   Code   RO          910    .text._ZN5Motor12ctrlPositionEdah  motor.o
    0x0800c218   0x0800c218   0x000000b0   Code   RO          916    .text._ZN5Motor12setZeroValueEt  motor.o
    0x0800c2c8   0x0800c2c8   0x00000086   Code   RO          906    .text._ZN5Motor13motorPowerOutEf  motor.o
    0x0800c34e   0x0800c34e   0x00000002   PAD
    0x0800c350   0x0800c350   0x0000000e   Code   RO          928    .text._ZN5Motor14getEnableMotorEv  motor.o
    0x0800c35e   0x0800c35e   0x00000002   PAD
    0x0800c360   0x0800c360   0x0000009c   Code   RO          904    .text._ZN5Motor15overHeatProtectEs  motor.o
    0x0800c3fc   0x0800c3fc   0x00000018   Code   RO          918    .text._ZN5Motor16setPowerOutLimitEPf  motor.o
    0x0800c414   0x0800c414   0x0000001a   Code   RO          934    .text._ZN5Motor18getMotorSpeedLimitEv  motor.o
    0x0800c42e   0x0800c42e   0x00000002   PAD
    0x0800c430   0x0800c430   0x0000001a   Code   RO          930    .text._ZN5Motor20getMotorCurrentLimitEv  motor.o
    0x0800c44a   0x0800c44a   0x00000002   PAD
    0x0800c44c   0x0800c44c   0x0000000e   Code   RO          922    .text._ZN5Motor7getTypeEv  motor.o
    0x0800c45a   0x0800c45a   0x00000002   PAD
    0x0800c45c   0x0800c45c   0x00000098   Code   RO          908    .text._ZN5Motor9ctrlSpeedEfah  motor.o
    0x0800c4f4   0x0800c4f4   0x00000198   Code   RO          898    .text._ZN5Motor9motorInitEv  motor.o
    0x0800c68c   0x0800c68c   0x0000012c   Code   RO          896    .text._ZN5MotorC2E9MotorTypeP11CAN_TypeDefj  motor.o
    0x0800c7b8   0x0800c7b8   0x000001f4   Code   RO         1271    .text._ZN5Power10getPowerKpEv  power.o
    0x0800c9ac   0x0800c9ac   0x00000080   Code   RO         1285    .text._ZN5Power12myPowerCanRxE8CanRxMsg  power.o
    0x0800ca2c   0x0800ca2c   0x00000164   Code   RO         1283    .text._ZN5Power12myPowerCanTxEv  power.o
    0x0800cb90   0x0800cb90   0x00000294   Code   RO         1273    .text._ZN5Power13getPowerLimitEv  power.o
    0x0800ce24   0x0800ce24   0x00000074   Code   RO         1279    .text._ZN5Power13setPowerLimitEffh  power.o
    0x0800ce98   0x0800ce98   0x000000d4   Code   RO         1275    .text._ZN5Power16powerOverFlowCalEv  power.o
    0x0800cf6c   0x0800cf6c   0x00000034   Code   RO         1281    .text._ZN5Power19myPowerOfflineJudgeEv  power.o
    0x0800cfa0   0x0800cfa0   0x000000c4   Code   RO         1277    .text._ZN5Power22underVoltageProtectionEv  power.o
    0x0800d064   0x0800d064   0x00000012   Code   RO         1300    .text._ZN5PowerC2Ev  power.o
    0x0800d076   0x0800d076   0x00000002   PAD
    0x0800d078   0x0800d078   0x00000118   Code   RO          522    .text._ZN6SMOOTH10smooth_cosEff  smooth_start.o
    0x0800d190   0x0800d190   0x00000018   Code   RO          539    .text._ZN6SMOOTHC2Ev  smooth_start.o
    0x0800d1a8   0x0800d1a8   0x00000080   Code   RO         1241    .text._ZN7Bl24CxxC2EhP12GPIO_TypeDefttS1_P11I2C_TypeDef  bl24c512a.o
    0x0800d228   0x0800d228   0x00000190   Code   RO         2405    .text._ZN7Chassis10ChNoFollowEv  chassis_task.o
    0x0800d3b8   0x0800d3b8   0x00000d14   Code   RO         2393    .text._ZN7Chassis11chassis_runEv  chassis_task.o
    0x0800e0cc   0x0800e0cc   0x00000004   PAD
    0x0800e0d0   0x0800e0d0   0x00000288   Code   RO         2395    .text._ZN7Chassis11motorOutputEv  chassis_task.o
    0x0800e358   0x0800e358   0x00000254   Code   RO         2401    .text._ZN7Chassis12SpeedingGyroEv  chassis_task.o
    0x0800e5ac   0x0800e5ac   0x000001b0   Code   RO         2407    .text._ZN7Chassis13judgeIfMovingEv  chassis_task.o
    0x0800e75c   0x0800e75c   0x000000cc   Code   RO         2399    .text._ZN7Chassis14getGimbalAngleEv  chassis_task.o
    0x0800e828   0x0800e828   0x000000d2   Code   RO         2409    .text._ZN7Chassis15powerCtrlUpdateEv  chassis_task.o
    0x0800e8fa   0x0800e8fa   0x00000006   PAD
    0x0800e900   0x0800e900   0x00000160   Code   RO         2403    .text._ZN7Chassis16randomspeed_gyroEv  chassis_task.o
    0x0800ea60   0x0800ea60   0x000001ac   Code   RO         2397    .text._ZN7ChassisC2Ev  chassis_task.o
    0x0800ec0c   0x0800ec0c   0x0000035c   Code   RO          211    .text._ZN7ImuCalc11initalAngleEv  imu.o
    0x0800ef68   0x0800ef68   0x00000158   Code   RO          223    .text._ZN7ImuCalc13TDT_accFilterEv  imu.o
    0x0800f0c0   0x0800f0c0   0x00000098   Code   RO          221    .text._ZN7ImuCalc13gyroAccUpdateEv  imu.o
    0x0800f158   0x0800f158   0x0000081c   Code   RO          227    .text._ZN7ImuCalc14TDT_IMU_updateEb  imu.o
    0x0800f974   0x0800f974   0x0000018c   Code   RO          225    .text._ZN7ImuCalc14TDT_gyroFilterEv  imu.o
    0x0800fb00   0x0800fb00   0x0000003c   Code   RO          246    .text._ZN7ImuCalc17setAccScaleFactorEPA3_f  imu.o
    0x0800fb3c   0x0800fb3c   0x0000003c   Code   RO          244    .text._ZN7ImuCalc18setGyroScaleFactorEPA3_f  imu.o
    0x0800fb78   0x0800fb78   0x000000a4   Code   RO          229    .text._ZN7ImuCalc19ImuCrossRoundHandleER11_eulerAngleS1_S1_R10angleRound  imu.o
    0x0800fc1c   0x0800fc1c   0x000002b2   Code   RO          213    .text._ZN7ImuCalc19gyroAutoCalibrationEv  imu.o
    0x0800fece   0x0800fece   0x00000002   PAD
    0x0800fed0   0x0800fed0   0x00000014   Code   RO          254    .text._ZN7ImuCalc4initEv  imu.o
    0x0800fee4   0x0800fee4   0x0000012c   Code   RO          219    .text._ZN7ImuCalc9caliSolveEv  imu.o
    0x08010010   0x08010010   0x00000168   Code   RO          209    .text._ZN7ImuCalc9getOffsetEv  imu.o
    0x08010178   0x08010178   0x000000e8   Code   RO          207    .text._ZN7ImuCalcC2Ev  imu.o
    0x08010260   0x08010260   0x00000018   Code   RO          876    .text._ZN7Mpu605012Mpu6050_ReadEv  mpu6050.o
    0x08010278   0x08010278   0x00000010   Code   RO          886    .text._ZN7Mpu605013gyroAccUpdateEv  mpu6050.o
    0x08010288   0x08010288   0x00000098   Code   RO          872    .text._ZN7Mpu605021Mpu6050_Read_Acc_DataEv  mpu6050.o
    0x08010320   0x08010320   0x00000098   Code   RO          874    .text._ZN7Mpu605022Mpu6050_Read_Gyro_DataEv  mpu6050.o
    0x080103b8   0x080103b8   0x0000014c   Code   RO          870    .text._ZN7Mpu60504initEtt  mpu6050.o
    0x08010504   0x08010504   0x00000016   Code   RO          884    .text._ZN7Mpu60504initEv  mpu6050.o
    0x0801051a   0x0801051a   0x00000002   PAD
    0x0801051c   0x0801051c   0x000000a4   Code   RO          868    .text._ZN7Mpu6050C2EP12GPIO_TypeDefttS1_P11I2C_TypeDef  mpu6050.o
    0x080105c0   0x080105c0   0x000000ce   Code   RO          721    .text._ZN7Softiic11iicSendByteEh  iic.o
    0x0801068e   0x0801068e   0x00000002   PAD
    0x08010690   0x08010690   0x0000003e   Code   RO          711    .text._ZN7Softiic12iicCheckBusyEv  iic.o
    0x080106ce   0x080106ce   0x00000002   PAD
    0x080106d0   0x080106d0   0x00000038   Code   RO          709    .text._ZN7Softiic12iicSoftDelayEv  iic.o
    0x08010708   0x08010708   0x000000b0   Code   RO          717    .text._ZN7Softiic22iicReceiveDataByte_AckEPh  iic.o
    0x080107b8   0x080107b8   0x000000b0   Code   RO          719    .text._ZN7Softiic24iicReceiveDataByte_NoAckEPh  iic.o
    0x08010868   0x08010868   0x00000010   Code   RO          743    .text._ZN7Softiic4sclHEv  iic.o
    0x08010878   0x08010878   0x00000010   Code   RO          749    .text._ZN7Softiic4sclLEv  iic.o
    0x08010888   0x08010888   0x00000010   Code   RO          741    .text._ZN7Softiic4sdaHEv  iic.o
    0x08010898   0x08010898   0x00000010   Code   RO          747    .text._ZN7Softiic4sdaLEv  iic.o
    0x080108a8   0x080108a8   0x00000054   Code   RO          707    .text._ZN7Softiic7iicInitEv  iic.o
    0x080108fc   0x080108fc   0x0000003c   Code   RO          715    .text._ZN7Softiic7iicStopEv  iic.o
    0x08010938   0x08010938   0x00000012   Code   RO          745    .text._ZN7Softiic7sdaReadEv  iic.o
    0x0801094a   0x0801094a   0x00000002   PAD
    0x0801094c   0x0801094c   0x0000002a   Code   RO          725    .text._ZN7Softiic8iicRAddrEh  iic.o
    0x08010976   0x08010976   0x00000002   PAD
    0x08010978   0x08010978   0x00000050   Code   RO          713    .text._ZN7Softiic8iicStartEv  iic.o
    0x080109c8   0x080109c8   0x00000022   Code   RO          723    .text._ZN7Softiic8iicWAddrEh  iic.o
    0x080109ea   0x080109ea   0x00000002   PAD
    0x080109ec   0x080109ec   0x00000114   Code   RO          705    .text._ZN7SoftiicC2EP12GPIO_TypeDefttP11I2C_TypeDefjS1_j  iic.o
    0x08010b00   0x08010b00   0x000000a8   Code   RO         2489    .text._ZN8FlashVar4linkEPhht  imu_task.o
    0x08010ba8   0x08010ba8   0x0000002e   Code   RO         2487    .text._ZN8FlashVar4linkI6_vec3fEEvRT_t  imu_task.o
    0x08010bd6   0x08010bd6   0x00000002   PAD
    0x08010bd8   0x08010bd8   0x00000134   Code   RO          256    .text._ZN8FlashVar4readEPj  imu.o
    0x08010d0c   0x08010d0c   0x00000060   Code   RO          248    .text._ZN8FlashVar4readEv  imu.o
    0x08010d6c   0x08010d6c   0x0000024e   Code   RO          252    .text._ZN8FlashVar4saveEv  imu.o
    0x08010fba   0x08010fba   0x00000002   PAD
    0x08010fbc   0x08010fbc   0x00000058   Code   RO          264    .text._ZN8FlashVar9indexOfIDEt  imu.o
    0x08011014   0x08011014   0x00000036   Code   RO         1202    .text._ZN8FlashVarC2EPFvPjjEPFS0_vE  flash_var.o
    0x0801104a   0x0801104a   0x00000002   PAD
    0x0801104c   0x0801104c   0x00000028   Code   RO         1204    .text._ZN8FlashVarD2Ev  flash_var.o
    0x08011074   0x08011074   0x00000422   Code   RO         1165    .text._ZN8MultiImu13gyroAccUpdateEv  multi_imu.o
    0x08011496   0x08011496   0x00000002   PAD
    0x08011498   0x08011498   0x00000050   Code   RO         1159    .text._ZN8MultiImu4initEv  multi_imu.o
    0x080114e8   0x080114e8   0x00000180   Code   RO         1161    .text._ZN8MultiImu9getOffsetEv  multi_imu.o
    0x08011668   0x08011668   0x00000064   Code   RO         2485    .text._ZN8MultiImuC2Ev  imu_task.o
    0x080116cc   0x080116cc   0x0000006e   Code   RO         2659    .text._ZN9AmmoCover10auto_closeEv  ammo_cover_task.o
    0x0801173a   0x0801173a   0x00000006   PAD
    0x08011740   0x08011740   0x000001a0   Code   RO         2655    .text._ZN9AmmoCover11Ammo_offsetEfff  ammo_cover_task.o
    0x080118e0   0x080118e0   0x00000064   Code   RO         2663    .text._ZN9AmmoCover15Coveropen_JudgeEv  ammo_cover_task.o
    0x08011944   0x08011944   0x00000378   Code   RO         2657    .text._ZN9AmmoCover9Ammo_openEv  ammo_cover_task.o
    0x08011cbc   0x08011cbc   0x000000f8   Code   RO         2661    .text._ZN9AmmoCoverC2Ev  ammo_cover_task.o
    0x08011db4   0x08011db4   0x00000014   Code   RO         1156    .text._ZN9Judgement12addFullCountEv  judgement.o
    0x08011dc8   0x08011dc8   0x00000220   Code   RO         1106    .text._ZN9Judgement12getJudgeDataEv  judgement.o
    0x08011fe8   0x08011fe8   0x00000194   Code   RO         1104    .text._ZN9Judgement9getLengthEPNS_11FrameHeaderE  judgement.o
    0x0801217c   0x0801217c   0x0000059c   Code   RO         1096    .text._ZN9Judgement9ringQueueEv  judgement.o
    0x08012718   0x08012718   0x00000044   Code   RO         1154    .text._ZN9JudgementC2Ev  judgement.o
    0x0801275c   0x0801275c   0x00000716   Code   RO         2695    .text._ZN9StateCtrl17changeVisionErrorEv  state_task.o
    0x08012e72   0x08012e72   0x00000002   PAD
    0x08012e74   0x08012e74   0x00000100   Code   RO         2735    .text._ZN9StateCtrlC2Ev  state_task.o
    0x08012f74   0x08012f74   0x00000030   Code   RO          809    .text._ZN9_PidParamC2Ev  pwm.o
    0x08012fa4   0x08012fa4   0x00000002   Code   RO         3048    .text._ZNK10__cxxabiv116__shim_type_info5noop1Ev  libcppabi_w.l(private_typeinfo.cpp.o)
    0x08012fa6   0x08012fa6   0x00000002   Code   RO         3050    .text._ZNK10__cxxabiv116__shim_type_info5noop2Ev  libcppabi_w.l(private_typeinfo.cpp.o)
    0x08012fa8   0x08012fa8   0x00000036   Code   RO         3122    .text._ZNK10__cxxabiv117__class_type_info16search_above_dstEPNS_19__dynamic_cast_infoEPKvS4_ib  libcppabi_w.l(private_typeinfo.cpp.o)
    0x08012fde   0x08012fde   0x000000a2   Code   RO         3116    .text._ZNK10__cxxabiv117__class_type_info16search_below_dstEPNS_19__dynamic_cast_infoEPKvib  libcppabi_w.l(private_typeinfo.cpp.o)
    0x08013080   0x08013080   0x00000044   Code   RO         3084    .text._ZNK10__cxxabiv117__class_type_info27has_unambiguous_public_baseEPNS_19__dynamic_cast_infoEPvi  libcppabi_w.l(private_typeinfo.cpp.o)
    0x080130c4   0x080130c4   0x00000062   Code   RO         3104    .text._ZNK10__cxxabiv117__class_type_info29process_static_type_above_dstEPNS_19__dynamic_cast_infoEPKvS4_i  libcppabi_w.l(private_typeinfo.cpp.o)
    0x08013126   0x08013126   0x0000006e   Code   RO         3080    .text._ZNK10__cxxabiv117__class_type_info9can_catchEPKNS_16__shim_type_infoERPv  libcppabi_w.l(private_typeinfo.cpp.o)
    0x08013194   0x08013194   0x00000056   Code   RO         3120    .text._ZNK10__cxxabiv120__si_class_type_info16search_above_dstEPNS_19__dynamic_cast_infoEPKvS4_ib  libcppabi_w.l(private_typeinfo.cpp.o)
    0x080131ea   0x080131ea   0x000000e2   Code   RO         3114    .text._ZNK10__cxxabiv120__si_class_type_info16search_below_dstEPNS_19__dynamic_cast_infoEPKvib  libcppabi_w.l(private_typeinfo.cpp.o)
    0x080132cc   0x080132cc   0x00000052   Code   RO         3086    .text._ZNK10__cxxabiv120__si_class_type_info27has_unambiguous_public_baseEPNS_19__dynamic_cast_infoEPvi  libcppabi_w.l(private_typeinfo.cpp.o)
    0x0801331e   0x0801331e   0x00000002   PAD
    0x08013320   0x08013320   0x00000136   Code   RO         3118    .text._ZNK10__cxxabiv121__vmi_class_type_info16search_above_dstEPNS_19__dynamic_cast_infoEPKvS4_ib  libcppabi_w.l(private_typeinfo.cpp.o)
    0x08013456   0x08013456   0x00000002   PAD
    0x08013458   0x08013458   0x0000026a   Code   RO         3108    .text._ZNK10__cxxabiv121__vmi_class_type_info16search_below_dstEPNS_19__dynamic_cast_infoEPKvib  libcppabi_w.l(private_typeinfo.cpp.o)
    0x080136c2   0x080136c2   0x00000002   PAD
    0x080136c4   0x080136c4   0x00000084   Code   RO         3090    .text._ZNK10__cxxabiv121__vmi_class_type_info27has_unambiguous_public_baseEPNS_19__dynamic_cast_infoEPvi  libcppabi_w.l(private_typeinfo.cpp.o)
    0x08013748   0x08013748   0x00000036   Code   RO         3088    .text._ZNK10__cxxabiv122__base_class_type_info27has_unambiguous_public_baseEPNS_19__dynamic_cast_infoEPvi  libcppabi_w.l(private_typeinfo.cpp.o)
    0x0801377e   0x0801377e   0x00000002   PAD
    0x08013780   0x08013780   0x00000014   Code   RO         2705    .text._ZNK3$_0clEPj  state_task.o
    0x08013794   0x08013794   0x00000010   Code   RO         2701    .text._ZNK3$_0cvPFvPjEEv  state_task.o
    0x080137a4   0x080137a4   0x00000004   Code   RO         3033    .text._ZNKSt3__120__vector_base_commonILb1EE20__throw_length_errorEv  libcpp_w.l(vector.cpp.o)
    0x080137a8   0x080137a8   0x00000068   Code   RO          507    .text._ZNKSt3__16vectorIP10KeyProcessNS_9allocatorIS2_EEE8max_sizeEv  keyprocess.o
    0x08013810   0x08013810   0x00000064   Code   RO          491    .text._ZNKSt3__16vectorItNS_9allocatorItEEE8max_sizeEv  keyprocess.o
    0x08013874   0x08013874   0x000000e6   Code   RO          501    .text._ZNSt3__114__split_bufferIP10KeyProcessRNS_9allocatorIS2_EEEC2EjjS5_  keyprocess.o
    0x0801395a   0x0801395a   0x00000002   PAD
    0x0801395c   0x0801395c   0x000000ea   Code   RO          505    .text._ZNSt3__114__split_bufferIP10KeyProcessRNS_9allocatorIS2_EEED2Ev  keyprocess.o
    0x08013a46   0x08013a46   0x00000002   PAD
    0x08013a48   0x08013a48   0x000000e6   Code   RO          485    .text._ZNSt3__114__split_bufferItRNS_9allocatorItEEEC2EjjS3_  keyprocess.o
    0x08013b2e   0x08013b2e   0x00000002   PAD
    0x08013b30   0x08013b30   0x000000ea   Code   RO          489    .text._ZNSt3__114__split_bufferItRNS_9allocatorItEEED2Ev  keyprocess.o
    0x08013c1a   0x08013c1a   0x00000002   PAD
    0x08013c1c   0x08013c1c   0x00000012   Code   RO          493    .text._ZNSt3__117_DeallocateCaller27__do_deallocate_handle_sizeEPvj  keyprocess.o
    0x08013c2e   0x08013c2e   0x00000002   PAD
    0x08013c30   0x08013c30   0x00000010   Code   RO          495    .text._ZNSt3__117_DeallocateCaller9__do_callEPv  keyprocess.o
    0x08013c40   0x08013c40   0x00000024   Code   RO          497    .text._ZNSt3__16vectorIP10KeyProcessNS_9allocatorIS2_EEE21_ConstructTransactionC2ERS5_j  keyprocess.o
    0x08013c64   0x08013c64   0x00000010   Code   RO          499    .text._ZNSt3__16vectorIP10KeyProcessNS_9allocatorIS2_EEE21_ConstructTransactionD2Ev  keyprocess.o
    0x08013c74   0x08013c74   0x0000027a   Code   RO          503    .text._ZNSt3__16vectorIP10KeyProcessNS_9allocatorIS2_EEE26__swap_out_circular_bufferERNS_14__split_bufferIS2_RS4_EE  keyprocess.o
    0x08013eee   0x08013eee   0x00000002   PAD
    0x08013ef0   0x08013ef0   0x00000024   Code   RO          481    .text._ZNSt3__16vectorItNS_9allocatorItEEE21_ConstructTransactionC2ERS3_j  keyprocess.o
    0x08013f14   0x08013f14   0x00000010   Code   RO          483    .text._ZNSt3__16vectorItNS_9allocatorItEEE21_ConstructTransactionD2Ev  keyprocess.o
    0x08013f24   0x08013f24   0x0000027a   Code   RO          487    .text._ZNSt3__16vectorItNS_9allocatorItEEE26__swap_out_circular_bufferERNS_14__split_bufferItRS2_EE  keyprocess.o
    0x0801419e   0x0801419e   0x00000002   Code   RO         3559    .text._ZNSt9type_infoD2Ev  libcppabi_w.l(stdlib_typeinfo.cpp.o)
    0x080141a0   0x080141a0   0x0000000c   Code   RO         3554    .text._ZSt15get_new_handlerv  libcppabi_w.l(cxa_handlers.cpp.o)
    0x080141ac   0x080141ac   0x0000000e   Code   RO          888    .text._ZThn32_N7Mpu605013gyroAccUpdateEv  mpu6050.o
    0x080141ba   0x080141ba   0x00000002   PAD
    0x080141bc   0x080141bc   0x0000000e   Code   RO          890    .text._ZThn32_N7Mpu60504initEv  mpu6050.o
    0x080141ca   0x080141ca   0x00000004   Code   RO         3001    .text._ZdaPv        libcpp_w.l(new.cpp.o)
    0x080141ce   0x080141ce   0x00000004   Code   RO         2995    .text._ZdlPv        libcpp_w.l(new.cpp.o)
    0x080141d2   0x080141d2   0x00000004   Code   RO         2991    .text._Znaj         libcpp_w.l(new.cpp.o)
    0x080141d6   0x080141d6   0x00000002   PAD
    0x080141d8   0x080141d8   0x00000026   Code   RO         2987    .text._Znwj         libcpp_w.l(new.cpp.o)
    0x080141fe   0x080141fe   0x00000002   PAD
    0x08014200   0x08014200   0x0000001c   Code   RO          204    .text.__ARM_isinff  filter.o
    0x0801421c   0x0801421c   0x00000028   Code   RO         3038    .text.__cxa_pure_virtual  libcppabi_w.l(cxa_virtual.cpp.o)
    0x08014244   0x08014244   0x00000010   Code   RO          444    .text.__cxx_global_var_init  keyprocess.o
    0x08014254   0x08014254   0x00000010   Code   RO          510    .text.__cxx_global_var_init  smooth_start.o
    0x08014264   0x08014264   0x00000010   Code   RO          585    .text.__cxx_global_var_init  can.o
    0x08014274   0x08014274   0x00000034   Code   RO          641    .text.__cxx_global_var_init  vision.o
    0x080142a8   0x080142a8   0x0000002c   Code   RO          757    .text.__cxx_global_var_init  adc.o
    0x080142d4   0x080142d4   0x0000002e   Code   RO          781    .text.__cxx_global_var_init  pwm.o
    0x08014302   0x08014302   0x00000002   PAD
    0x08014304   0x08014304   0x00000010   Code   RO         1092    .text.__cxx_global_var_init  judgement.o
    0x08014314   0x08014314   0x0000003c   Code   RO         1190    .text.__cxx_global_var_init  flash_var.o
    0x08014350   0x08014350   0x00000032   Code   RO         1239    .text.__cxx_global_var_init  bl24c512a.o
    0x08014382   0x08014382   0x00000002   PAD
    0x08014384   0x08014384   0x00000010   Code   RO         1269    .text.__cxx_global_var_init  power.o
    0x08014394   0x08014394   0x00000010   Code   RO         2389    .text.__cxx_global_var_init  chassis_task.o
    0x080143a4   0x080143a4   0x0000001e   Code   RO         2502    .text.__cxx_global_var_init  led_task.o
    0x080143c2   0x080143c2   0x00000002   PAD
    0x080143c4   0x080143c4   0x00000010   Code   RO         2525    .text.__cxx_global_var_init  ptz_task.o
    0x080143d4   0x080143d4   0x0000001c   Code   RO         2595    .text.__cxx_global_var_init  fire_task.o
    0x080143f0   0x080143f0   0x00000010   Code   RO         2651    .text.__cxx_global_var_init  ammo_cover_task.o
    0x08014400   0x08014400   0x00000010   Code   RO         2687    .text.__cxx_global_var_init  state_task.o
    0x08014410   0x08014410   0x00000010   Code   RO          512    .text.__cxx_global_var_init.1  smooth_start.o
    0x08014420   0x08014420   0x0000001e   Code   RO         2504    .text.__cxx_global_var_init.1  led_task.o
    0x0801443e   0x0801443e   0x00000002   PAD
    0x08014440   0x08014440   0x00000010   Code   RO         2689    .text.__cxx_global_var_init.1  state_task.o
    0x08014450   0x08014450   0x00000010   Code   RO          514    .text.__cxx_global_var_init.2  smooth_start.o
    0x08014460   0x08014460   0x00000036   Code   RO         2699    .text.__cxx_global_var_init.2  state_task.o
    0x08014496   0x08014496   0x00000002   PAD
    0x08014498   0x08014498   0x00000010   Code   RO          516    .text.__cxx_global_var_init.3  smooth_start.o
    0x080144a8   0x080144a8   0x000000a8   Code   RO         3102    .text.__dynamic_cast  libcppabi_w.l(private_typeinfo.cpp.o)
    0x08014550   0x08014550   0x00000004   Code   RO         3536    .text.abort_message  libcppabi_w.l(abort_message.cpp.o)
    0x08014554   0x08014554   0x00000020   Code   RO            2    .text.main          main.o
    0x08014574   0x08014574   0x0000001a   Code   RO         2737    i.AHRS_fabs         AHRS.lib(ahrs.o)
    0x0801458e   0x0801458e   0x00000002   PAD
    0x08014590   0x08014590   0x0000029c   Code   RO         2738    i.AHRS_init         AHRS.lib(ahrs.o)
    0x0801482c   0x0801482c   0x0000013a   Code   RO         2739    i.AHRS_update       AHRS.lib(ahrs.o)
    0x08014966   0x08014966   0x00000030   Code   RO         3612    i.__ARM_fpclassify  m_wm.l(fpclassify.o)
    0x08014996   0x08014996   0x00000026   Code   RO         3384    i.__ARM_fpclassifyf  m_wm.l(fpclassifyf.o)
    0x080149bc   0x080149bc   0x00000058   Code   RO         3488    i.__aligned_malloc$realloc  mc_w.l(mallocra.o)
    0x08014a14   0x08014a14   0x0000005c   Code   RO         3489    i.__free$realloc$memalign  mc_w.l(mallocra.o)
    0x08014a70   0x08014a70   0x0000012c   Code   RO         3322    i.__hardfp_asinf    m_wm.l(asinf.o)
    0x08014b9c   0x08014b9c   0x000002ac   Code   RO         3334    i.__hardfp_atan2f   m_wm.l(atan2f.o)
    0x08014e48   0x08014e48   0x00000150   Code   RO         3358    i.__hardfp_cosf     m_wm.l(cosf.o)
    0x08014f98   0x08014f98   0x000000c8   Code   RO         3400    i.__hardfp_sin      m_wm.l(sin.o)
    0x08015060   0x08015060   0x00000190   Code   RO         3412    i.__hardfp_sinf     m_wm.l(sinf.o)
    0x080151f0   0x080151f0   0x0000003a   Code   RO         3424    i.__hardfp_sqrtf    m_wm.l(sqrtf.o)
    0x0801522a   0x0801522a   0x00000002   PAD
    0x0801522c   0x0801522c   0x0000017c   Code   RO         3436    i.__hardfp_tanf     m_wm.l(tanf.o)
    0x080153a8   0x080153a8   0x00000438   Code   RO         3631    i.__ieee754_rem_pio2  m_wm.l(rred.o)
    0x080157e0   0x080157e0   0x00000170   Code   RO         3589    i.__kernel_cos      m_wm.l(cos_i.o)
    0x08015950   0x08015950   0x000000f8   Code   RO         3628    i.__kernel_poly     m_wm.l(poly.o)
    0x08015a48   0x08015a48   0x00000130   Code   RO         3639    i.__kernel_sin      m_wm.l(sin_i.o)
    0x08015b78   0x08015b78   0x00000006   Code   RO         3490    i.__malloc$realloc$memalign  mc_w.l(mallocra.o)
    0x08015b7e   0x08015b7e   0x00000014   Code   RO         3593    i.__mathlib_dbl_infnan  m_wm.l(dunder.o)
    0x08015b92   0x08015b92   0x00000006   PAD
    0x08015b98   0x08015b98   0x00000020   Code   RO         3595    i.__mathlib_dbl_invalid  m_wm.l(dunder.o)
    0x08015bb8   0x08015bb8   0x00000020   Code   RO         3598    i.__mathlib_dbl_underflow  m_wm.l(dunder.o)
    0x08015bd8   0x08015bd8   0x00000006   Code   RO         3615    i.__mathlib_flt_infnan  m_wm.l(funder.o)
    0x08015bde   0x08015bde   0x00000006   Code   RO         3616    i.__mathlib_flt_infnan2  m_wm.l(funder.o)
    0x08015be4   0x08015be4   0x00000010   Code   RO         3617    i.__mathlib_flt_invalid  m_wm.l(funder.o)
    0x08015bf4   0x08015bf4   0x00000010   Code   RO         3620    i.__mathlib_flt_underflow  m_wm.l(funder.o)
    0x08015c04   0x08015c04   0x00000154   Code   RO         3636    i.__mathlib_rredf2  m_wm.l(rredf.o)
    0x08015d58   0x08015d58   0x0000000e   Code   RO         3769    i.__scatterload_copy  mc_w.l(handlers.o)
    0x08015d66   0x08015d66   0x00000002   Code   RO         3770    i.__scatterload_null  mc_w.l(handlers.o)
    0x08015d68   0x08015d68   0x0000000e   Code   RO         3771    i.__scatterload_zeroinit  mc_w.l(handlers.o)
    0x08015d76   0x08015d76   0x00000002   PAD
    0x08015d78   0x08015d78   0x0000000c   Code   RO         3687    i.__set_errno       mc_w.l(errno.o)
    0x08015d84   0x08015d84   0x000001d0   Code   RO         2740    i.accel_comple_filter  AHRS.lib(ahrs.o)
    0x08015f54   0x08015f54   0x0000018c   Code   RO         2741    i.accel_update_kp_ki  AHRS.lib(ahrs.o)
    0x080160e0   0x080160e0   0x0000016c   Code   RO         2742    i.angle_to_quat     AHRS.lib(ahrs.o)
    0x0801624c   0x0801624c   0x00000018   Code   RO         3608    i.fabs              m_wm.l(fabs.o)
    0x08016264   0x08016264   0x000000e8   Code   RO         2743    i.get_angle         AHRS.lib(ahrs.o)
    0x0801634c   0x0801634c   0x00000080   Code   RO         3492    i.internal_alloc    mc_w.l(mallocra.o)
    0x080163cc   0x080163cc   0x00000084   Code   RO         2748    i.quat_normalization  AHRS.lib(ahrs.o)
    0x08016450   0x08016450   0x0000003e   Code   RO         3426    i.sqrtf             m_wm.l(sqrtf.o)
    0x0801648e   0x0801648e   0x0000007a   Code   RO         2749    i.update_w          AHRS.lib(ahrs.o)
    0x08016508   0x08016508   0x0000000c   Data   RO         2750    .constdata          AHRS.lib(ahrs.o)
    0x08016514   0x08016514   0x00000804   Data   RO         2961    .constdata          arm_cortexM4lf_math.lib(arm_common_tables.o)
    0x08016d18   0x08016d18   0x00000030   Data   RO         3590    .constdata          m_wm.l(cos_i.o)
    0x08016d48   0x08016d48   0x000000cc   Data   RO         3633    .constdata          m_wm.l(rred.o)
    0x08016e14   0x08016e14   0x00000020   Data   RO         3637    .constdata          m_wm.l(rredf.o)
    0x08016e34   0x08016e34   0x00000004   PAD
    0x08016e38   0x08016e38   0x00000028   Data   RO         3640    .constdata          m_wm.l(sin_i.o)
    0x08016e60   0x08016e60   0x00000010   Data   RO         1957    .rodata.APBAHBPrescTable  stm32f4xx_rcc.o
    0x08016e70   0x08016e70   0x00000100   Data   RO          182    .rodata.CRC8_TAB    crc.o
    0x08016f70   0x08016f70   0x00000008   Data   RO          754    .rodata._ZTI3IIC    iic.o
    0x08016f78   0x08016f78   0x0000000c   Data   RO         1267    .rodata._ZTI7Bl24Cxx  bl24c512a.o
    0x08016f84   0x08016f84   0x00000008   Data   RO          237    .rodata._ZTI7ImuCalc  imu.o
    0x08016f8c   0x08016f8c   0x00000020   Data   RO          894    .rodata._ZTI7Mpu6050  mpu6050.o
    0x08016fac   0x08016fac   0x0000000c   Data   RO          732    .rodata._ZTI7Softiic  iic.o
    0x08016fb8   0x08016fb8   0x0000000c   Data   RO         1170    .rodata._ZTI8MultiImu  multi_imu.o
    0x08016fc4   0x08016fc4   0x0000000c   Data   RO         3125    .rodata._ZTIN10__cxxabiv116__shim_type_infoE  libcppabi_w.l(private_typeinfo.cpp.o)
    0x08016fd0   0x08016fd0   0x0000000c   Data   RO         3127    .rodata._ZTIN10__cxxabiv117__class_type_infoE  libcppabi_w.l(private_typeinfo.cpp.o)
    0x08016fdc   0x08016fdc   0x0000000c   Data   RO         3302    .rodata._ZTIN10__cxxabiv120__si_class_type_infoE  libcppabi_w.l(private_typeinfo.cpp.o)
    0x08016fe8   0x08016fe8   0x0000000c   Data   RO         3305    .rodata._ZTIN10__cxxabiv121__vmi_class_type_infoE  libcppabi_w.l(private_typeinfo.cpp.o)
    0x08016ff4   0x08016ff4   0x00000008   Data   RO         3583    .rodata._ZTISt9type_info  libcppabi_w.l(stdlib_typeinfo.cpp.o)
    0x08016ffc   0x08016ffc   0x00000005   Data   RO          753    .rodata._ZTS3IIC    iic.o
    0x08017001   0x08017001   0x00000009   Data   RO         1266    .rodata._ZTS7Bl24Cxx  bl24c512a.o
    0x0801700a   0x0801700a   0x00000009   Data   RO          236    .rodata._ZTS7ImuCalc  imu.o
    0x08017013   0x08017013   0x00000009   Data   RO          893    .rodata._ZTS7Mpu6050  mpu6050.o
    0x0801701c   0x0801701c   0x00000009   Data   RO          731    .rodata._ZTS7Softiic  iic.o
    0x08017025   0x08017025   0x0000000a   Data   RO         1169    .rodata._ZTS8MultiImu  multi_imu.o
    0x0801702f   0x0801702f   0x00000021   Data   RO         3124    .rodata._ZTSN10__cxxabiv116__shim_type_infoE  libcppabi_w.l(private_typeinfo.cpp.o)
    0x08017050   0x08017050   0x00000022   Data   RO         3126    .rodata._ZTSN10__cxxabiv117__class_type_infoE  libcppabi_w.l(private_typeinfo.cpp.o)
    0x08017072   0x08017072   0x00000025   Data   RO         3301    .rodata._ZTSN10__cxxabiv120__si_class_type_infoE  libcppabi_w.l(private_typeinfo.cpp.o)
    0x08017097   0x08017097   0x00000026   Data   RO         3304    .rodata._ZTSN10__cxxabiv121__vmi_class_type_infoE  libcppabi_w.l(private_typeinfo.cpp.o)
    0x080170bd   0x080170bd   0x0000000d   Data   RO         3582    .rodata._ZTSSt9type_info  libcppabi_w.l(stdlib_typeinfo.cpp.o)
    0x080170ca   0x080170ca   0x00000002   PAD
    0x080170cc   0x080170cc   0x0000002c   Data   RO          755    .rodata._ZTV3IIC    iic.o
    0x080170f8   0x080170f8   0x0000002c   Data   RO         1265    .rodata._ZTV7Bl24Cxx  bl24c512a.o
    0x08017124   0x08017124   0x00000014   Data   RO          233    .rodata._ZTV7ImuCalc  imu.o
    0x08017138   0x08017138   0x00000048   Data   RO          892    .rodata._ZTV7Mpu6050  mpu6050.o
    0x08017180   0x08017180   0x0000002c   Data   RO          728    .rodata._ZTV7Softiic  iic.o
    0x080171ac   0x080171ac   0x00000014   Data   RO         1168    .rodata._ZTV8MultiImu  multi_imu.o
    0x080171c0   0x080171c0   0x00000028   Data   RO         3299    .rodata._ZTVN10__cxxabiv117__class_type_infoE  libcppabi_w.l(private_typeinfo.cpp.o)
    0x080171e8   0x080171e8   0x00000028   Data   RO         3300    .rodata._ZTVN10__cxxabiv120__si_class_type_infoE  libcppabi_w.l(private_typeinfo.cpp.o)
    0x08017210   0x08017210   0x00000028   Data   RO         3303    .rodata._ZTVN10__cxxabiv121__vmi_class_type_infoE  libcppabi_w.l(private_typeinfo.cpp.o)
    0x08017238   0x08017238   0x00000044   Data   RO          465    .rodata.str1.1      keyprocess.o
    0x0801727c   0x0801727c   0x00000200   Data   RO          184    .rodata.wCRC_Table  crc.o
    0x0801747c   0x0801747c   0x00000020   Data   RO         3768    Region$$Table       anon$$obj.o
    0x0801749c   0x0801749c   0x00000004   Data   RO          466    .init_array         keyprocess.o
    0x080174a0   0x0801749c   0x00000004   Data   RO          532    .init_array         smooth_start.o
    0x080174a4   0x0801749c   0x00000004   Data   RO          615    .init_array         can.o
    0x080174a8   0x0801749c   0x00000004   Data   RO          659    .init_array         vision.o
    0x080174ac   0x0801749c   0x00000004   Data   RO          773    .init_array         adc.o
    0x080174b0   0x0801749c   0x00000004   Data   RO          802    .init_array         pwm.o
    0x080174b4   0x0801749c   0x00000004   Data   RO         1147    .init_array         judgement.o
    0x080174b8   0x0801749c   0x00000004   Data   RO         1195    .init_array         flash_var.o
    0x080174bc   0x0801749c   0x00000004   Data   RO         1258    .init_array         bl24c512a.o
    0x080174c0   0x0801749c   0x00000004   Data   RO         1293    .init_array         power.o
    0x080174c4   0x0801749c   0x00000004   Data   RO         2435    .init_array         chassis_task.o
    0x080174c8   0x0801749c   0x00000004   Data   RO         2515    .init_array         led_task.o
    0x080174cc   0x0801749c   0x00000004   Data   RO         2587    .init_array         ptz_task.o
    0x080174d0   0x0801749c   0x00000004   Data   RO         2643    .init_array         fire_task.o
    0x080174d4   0x0801749c   0x00000004   Data   RO         2679    .init_array         ammo_cover_task.o
    0x080174d8   0x0801749c   0x00000004   Data   RO         2726    .init_array         state_task.o
    0x080174dc   0x0801749c   0x00000000   Data   RO         3499    .init_array         mc_w.l(cpp_init.o)


    Execution Region RW_IRAM1 (Exec base: 0x20000000, Load base: 0x080174e0, Size: 0x0000fad0, Max: 0x00020000, ABSOLUTE)

    Exec Addr    Load Addr    Size         Type   Attr      Idx    E Section Name        Object

    0x20000000   0x080174e0   0x00000010   Data   RW         2751    .data               AHRS.lib(ahrs.o)
    0x20000010   0x080174f0   0x00000004   Data   RW         3454    .data               mc_w.l(rand.o)
    0x20000014   0x080174f4   0x00000004   Data   RW         3683    .data               mc_w.l(mvars.o)
    0x20000018   0x080174f8   0x00000004   Data   RW         3684    .data               mc_w.l(mvars.o)
    0x2000001c   0x080174fc   0x00000004   Data   RW         3688    .data               mc_w.l(errno.o)
    0x20000020   0x08017500   0x00000004   Data   RW         3758    .data               mc_w.l(cpp_dtor.o)
    0x20000024   0x08017504   0x00000012   Data   RW         2724    .data..Lconstinit   state_task.o
    0x20000036   0x08017516   0x00000012   Data   RW         2725    .data..Lconstinit.3  state_task.o
    0x20000048   0x08017528   0x00000002   Data   RW          183    .data.CRC_INIT      crc.o
    0x2000004a   0x0801752a   0x00000001   Data   RW         1167    .data.OPEN_PROTECT  multi_imu.o
    0x2000004b   0x0801752b   0x00000001   PAD
    0x2000004c   0x0801752c   0x00000004   Data   RW         2563    .data.RollMouse_Sensitivity  ptz_task.o
    0x20000050   0x08017530   0x00000004   Data   RW         2561    .data.RollStick_Sensitivity  ptz_task.o
    0x20000054   0x08017534   0x00000004   Data   RW         2562    .data.YawMouse_Sensitivity  ptz_task.o
    0x20000058   0x08017538   0x00000004   Data   RW         2560    .data.YawStick_Sensitivity  ptz_task.o
    0x2000005c   0x0801753c   0x00000001   Data   RW         1139    .data._ZL10CRC8_Check  judgement.o
    0x2000005d   0x0801753d   0x00000001   PAD
    0x2000005e   0x0801753e   0x00000002   Data   RW         1140    .data._ZL11CRC16_Check  judgement.o
    0x20000060   0x08017540   0x00000001   Data   RW          838    .data._ZZN3_RC8rstCountEvE6HasRST  dbus.o
    0x20000061   0x08017541   0x00000001   Data   RW         2636    .data.allow_back    fire_task.o
    0x20000062   0x08017542   0x00000002   PAD
    0x20000064   0x08017544   0x00000010   Data   RW         2419    .data.amp           chassis_task.o
    0x20000074   0x08017554   0x00000004   Data   RW         2431    .data.dd            chassis_task.o
    0x20000078   0x08017558   0x0000000c   Data   RW         2420    .data.drc           chassis_task.o
    0x20000084   0x08017564   0x00000404   Data   RW          316    .data.fast_atan_table  my_math.o
    0x20000488   0x08017968   0x00000004   Data   RW         2675    .data.fuck_speed    ammo_cover_task.o
    0x2000048c   0x0801796c   0x00000001   Data   RW         2564    .data.lastif_findenemy  ptz_task.o
    0x2000048d   0x0801796d   0x00000001   PAD
    0x2000048e   0x0801796e   0x0000000a   Data   RW          944    .data.motorCurrentLimitList  motor.o
    0x20000498   0x08017978   0x0000000a   Data   RW          946    .data.motorMaxTempList  motor.o
    0x200004a2   0x08017982   0x0000000a   Data   RW          945    .data.motorSpeedLimitList  motor.o
    0x200004ac   0x0801798c   0x00000004   Data   RW         2554    .data.ptz_error     ptz_task.o
    0x200004b0        -       0x00000078   Zero   RW          234    .bss..Lconstinit    imu.o
    0x20000528        -       0x0000003c   Zero   RW         2667    .bss.BulletInner    ammo_cover_task.o
    0x20000564        -       0x0000003c   Zero   RW         2668    .bss.BulletOuter    ammo_cover_task.o
    0x200005a0        -       0x00000004   Zero   RW          613    .bss.Can1           can.o
    0x200005a4        -       0x00000014   Zero   RW          607    .bss.Can1RxMsg      can.o
    0x200005b8        -       0x00000004   Zero   RW          614    .bss.Can2           can.o
    0x200005bc        -       0x00000014   Zero   RW          608    .bss.Can2RxMsg      can.o
    0x200005d0        -       0x00000001   Zero   RW         2634    .bss.Change_CD      fire_task.o
    0x200005d1        -       0x00000001   Zero   RW         2565    .bss.CtrlPlan       ptz_task.o
    0x200005d2   0x08017990   0x00000002   PAD
    0x200005d4        -       0x00000004   Zero   RW         2626    .bss.D_current      fire_task.o
    0x200005d8        -       0x0000003c   Zero   RW         2621    .bss.DialInner      fire_task.o
    0x20000614        -       0x0000003c   Zero   RW         2622    .bss.DialOuter      fire_task.o
    0x20000650        -       0x00000001   Zero   RW         2630    .bss.Heat_limit_mode  fire_task.o
    0x20000651   0x08017990   0x00000003   PAD
    0x20000654        -       0x00000040   Zero   RW         1194    .bss.IFlash         flash_var.o
    0x20000694        -       0x00000001   Zero   RW           26    .bss.Init_OK        board.o
    0x20000695   0x08017990   0x00000003   PAD
    0x20000698        -       0x00000004   Zero   RW         2624    .bss.J_Dial         fire_task.o
    0x2000069c        -       0x00000004   Zero   RW         2627    .bss.J_fireSpd1     fire_task.o
    0x200006a0        -       0x00000004   Zero   RW         2628    .bss.J_fireSpd2     fire_task.o
    0x200006a4        -       0x00000004   Zero   RW         2569    .bss.J_pitch        ptz_task.o
    0x200006a8        -       0x00000004   Zero   RW         2568    .bss.J_yaw          ptz_task.o
    0x200006ac   0x08017990   0x00000004   PAD
    0x200006b0        -       0x000000b0   Zero   RW          832    .bss.RC             dbus.o
    0x20000760        -       0x00000004   Zero   RW         2625    .bss.R_Dial         fire_task.o
    0x20000764        -       0x00000004   Zero   RW         2573    .bss.R_error        ptz_task.o
    0x20000768        -       0x00000004   Zero   RW         2571    .bss.R_pitch        ptz_task.o
    0x2000076c        -       0x00000004   Zero   RW         2570    .bss.R_yaw          ptz_task.o
    0x20000770        -       0x00000001   Zero   RW         2425    .bss.Rear_Drive     chassis_task.o
    0x20000771   0x08017990   0x00000003   PAD
    0x20000774        -       0x0000012c   Zero   RW         2548    .bss.RollInner      ptz_task.o
    0x200008a0        -       0x0000012c   Zero   RW         2549    .bss.RollOuter      ptz_task.o
    0x200009cc        -       0x00000048   Zero   RW          836    .bss.SBUS_rx_buf    dbus.o
    0x20000a14        -       0x00000030   Zero   RW          528    .bss.Smooth_1       smooth_start.o
    0x20000a44        -       0x00000030   Zero   RW          529    .bss.Smooth_2       smooth_start.o
    0x20000a74        -       0x00000030   Zero   RW          530    .bss.Smooth_3       smooth_start.o
    0x20000aa4        -       0x00000030   Zero   RW          531    .bss.Smooth_4       smooth_start.o
    0x20000ad4        -       0x00000001   Zero   RW         2553    .bss.VM             ptz_task.o
    0x20000ad5   0x08017990   0x00000003   PAD
    0x20000ad8        -       0x00000004   Zero   RW         2572    .bss.Y_error        ptz_task.o
    0x20000adc        -       0x0000012c   Zero   RW         2546    .bss.YawInner       ptz_task.o
    0x20000c08        -       0x0000012c   Zero   RW         2547    .bss.YawOuter       ptz_task.o
    0x20000d34        -       0x00000001   Zero   RW         1138    .bss._ZL12crcCalcState  judgement.o
    0x20000d35   0x08017990   0x00000003   PAD
    0x20000d38        -       0x00000004   Zero   RW          464    .bss._ZL12keyValueList  keyprocess.o
    0x20000d3c        -       0x00000002   Zero   RW         1143    .bss._ZL12wholePackLen  judgement.o
    0x20000d3e        -       0x00000002   Zero   RW         1135    .bss._ZL16jgmtOfflineCheck  judgement.o
    0x20000d40        -       0x00000004   Zero   RW         1141    .bss._ZL5index      judgement.o
    0x20000d44   0x08017990   0x00000004   PAD
    0x20000d48        -       0x00000008   Zero   RW         1136    .bss._ZL6rx_len     judgement.o
    0x20000d50        -       0x00000004   Zero   RW          463    .bss._ZL7keyList    keyprocess.o
    0x20000d54        -       0x00000001   Zero   RW         1142    .bss._ZL7lastSeq    judgement.o
    0x20000d55   0x08017990   0x00000003   PAD
    0x20000d58        -       0x00000008   Zero   RW         1137    .bss._ZL8read_len   judgement.o
    0x20000d60        -       0x00000018   Zero   RW          462    .bss._ZN10KeyProcess8keyCycleE  keyprocess.o
    0x20000d78        -       0x00000004   Zero   RW         2447    .bss._ZN11VirtualTask7taskNumE  task_virtual.o
    0x20000d7c        -       0x00000004   Zero   RW         2448    .bss._ZN11VirtualTask8taskListE  task_virtual.o
    0x20000d80        -       0x00000010   Zero   RW          948    .bss._ZN5Motor13DJI_MotorFlagE  motor.o
    0x20000d90        -       0x00000040   Zero   RW          949    .bss._ZN5Motor7canBuffE  motor.o
    0x20000dd0        -       0x00000002   Zero   RW          839    .bss._ZZ17USART2_IRQHandlerE16this_time_rx_len  dbus.o
    0x20000dd2        -       0x00000001   Zero   RW         2514    .bss._ZZ8Led_TaskvE9visioncnt  led_task.o
    0x20000dd3        -       0x00000001   Zero   RW          837    .bss._ZZN3_RC8rstCountEvE13RST_Delay_Cnt  dbus.o
    0x20000dd4        -       0x00000001   Zero   RW         1292    .bss._ZZN5Power12myPowerCanTxEvE5txCnt  power.o
    0x20000dd5        -       0x00000001   Zero   RW         1291    .bss._ZZN5Power13getPowerLimitEvE16lastSpeedUpLevel  power.o
    0x20000dd6        -       0x00000001   Zero   RW         1290    .bss._ZZN5Power16powerOverFlowCalEvE7ctrlCnt  power.o
    0x20000dd7   0x08017990   0x00000001   PAD
    0x20000dd8        -       0x00000004   Zero   RW         2433    .bss._ZZN7Chassis13judgeIfMovingEvE4time  chassis_task.o
    0x20000ddc        -       0x00000002   Zero   RW          235    .bss._ZZN7ImuCalc19gyroAutoCalibrationEvE12runningTimes  imu.o
    0x20000dde   0x08017990   0x00000002   PAD
    0x20000de0        -       0x00000004   Zero   RW         3556    .bss.__cxa_new_handler  libcppabi_w.l(cxa_handlers.cpp.o)
    0x20000de4        -       0x00000004   Zero   RW         2567    .bss.a              ptz_task.o
    0x20000de8        -       0x00000004   Zero   RW         2720    .bss.a_record       state_task.o
    0x20000dec        -       0x00000050   Zero   RW         2471    .bss.accForWatch1   imu_task.o
    0x20000e3c        -       0x00000020   Zero   RW          772    .bss.adcMpuTemp     adc.o
    0x20000e5c        -       0x00000001   Zero   RW         2579    .bss.allow_change   ptz_task.o
    0x20000e5d   0x08017990   0x00000003   PAD
    0x20000e60        -       0x0000001c   Zero   RW         2669    .bss.ammoCover      ammo_cover_task.o
    0x20000e7c        -       0x0000000c   Zero   RW         2470    .bss.angleForWatch  imu_task.o
    0x20000e88        -       0x0000000c   Zero   RW          231    .bss.angleFromLib   imu.o
    0x20000e94        -       0x0000000c   Zero   RW          232    .bss.angleFromSelf  imu.o
    0x20000ea0        -       0x00000020   Zero   RW         1257    .bss.bl24C512       bl24c512a.o
    0x20000ec0        -       0x00000004   Zero   RW         2469    .bss.boardImu       imu_task.o
    0x20000ec4        -       0x00000020   Zero   RW         2512    .bss.boardLed       led_task.o
    0x20000ee4        -       0x00000004   Zero   RW         2632    .bss.buff_fire_clock  fire_task.o
    0x20000ee8        -       0x00000004   Zero   RW         2671    .bss.bullet_current_now  ammo_cover_task.o
    0x20000eec        -       0x00000004   Zero   RW         2673    .bss.bullet_position_error  ammo_cover_task.o
    0x20000ef0        -       0x00000004   Zero   RW         2672    .bss.bullet_position_now  ammo_cover_task.o
    0x20000ef4        -       0x00000050   Zero   RW          609    .bss.can1Feedback   can.o
    0x20000f44   0x08017990   0x00000004   PAD
    0x20000f48        -       0x00000008   Zero   RW         2717    .bss.canStateStruct  state_task.o
    0x20000f50        -       0x00000004   Zero   RW         2715    .bss.canStateStruct_2  state_task.o
    0x20000f54        -       0x00000004   Zero   RW         2429    .bss.cc             chassis_task.o
    0x20000f58        -       0x00000004   Zero   RW         2577    .bss.change_direction_CD  ptz_task.o
    0x20000f5c        -       0x00000004   Zero   RW         2578    .bss.change_time    ptz_task.o
    0x20000f60        -       0x000000d0   Zero   RW         2413    .bss.chassis        chassis_task.o
    0x20001030        -       0x00000004   Zero   RW         2576    .bss.current_ctrl   ptz_task.o
    0x20001034        -       0x00000004   Zero   RW         2721    .bss.d_record       state_task.o
    0x20001038        -       0x00000001   Zero   RW          834    .bss.dbusOnlineFlag  dbus.o
    0x20001039        -       0x00000001   Zero   RW          833    .bss.deforceFlag    dbus.o
    0x2000103a   0x08017990   0x00000002   PAD
    0x2000103c        -       0x00000004   Zero   RW         2430    .bss.ee             chassis_task.o
    0x20001040        -       0x00000010   Zero   RW         2711    .bss.fastselfcheck  state_task.o
    0x20001050        -       0x000000e0   Zero   RW         2623    .bss.fire           fire_task.o
    0x20001130        -       0x00000004   Zero   RW         2642    .bss.fire_num_real  fire_task.o
    0x20001134        -       0x0000003c   Zero   RW         2620    .bss.firepid        fire_task.o
    0x20001170        -       0x00000004   Zero   RW         2426    .bss.follow_error   chassis_task.o
    0x20001174        -       0x0000003c   Zero   RW         2415    .bss.followpidOuter  chassis_task.o
    0x200011b0        -       0x00000004   Zero   RW         2633    .bss.friction_run   fire_task.o
    0x200011b4        -       0x00000004   Zero   RW         2674    .bss.fuck_time      ammo_cover_task.o
    0x200011b8        -       0x00000004   Zero   RW         2676    .bss.fuck_times     ammo_cover_task.o
    0x200011bc        -       0x00000004   Zero   RW         2424    .bss.gimbalAngle    chassis_task.o
    0x200011c0        -       0x00000068   Zero   RW         2472    .bss.gyroForWatch1  imu_task.o
    0x20001228        -       0x00000004   Zero   RW         2629    .bss.heat_now       fire_task.o
    0x2000122c        -       0x00000004   Zero   RW         2432    .bss.i              chassis_task.o
    0x20001230        -       0x00000001   Zero   RW         2678    .bss.if_fuck        ammo_cover_task.o
    0x20001231   0x08017990   0x00000003   PAD
    0x20001234        -       0x00000024   Zero   RW          656    .bss.imuTimeMatch   vision.o
    0x20001258        -       0x00000001   Zero   RW         2641    .bss.isDoubleshot   fire_task.o
    0x20001259        -       0x00000001   Zero   RW         2722    .bss.iscan2         state_task.o
    0x2000125a        -       0x00000001   Zero   RW         2421    .bss.ischanging     chassis_task.o
    0x2000125b        -       0x00000001   Zero   RW         2422    .bss.ischanging2    chassis_task.o
    0x2000125c        -       0x00000001   Zero   RW         2423    .bss.ischanging3    chassis_task.o
    0x2000125d   0x08017990   0x00000003   PAD
    0x20001260        -       0x00000004   Zero   RW         2640    .bss.jgmt_fire_num  fire_task.o
    0x20001264        -       0x0000034c   Zero   RW         1134    .bss.judgement      judgement.o
    0x200015b0        -       0x00000020   Zero   RW         2416    .bss.l1             chassis_task.o
    0x200015d0        -       0x00000020   Zero   RW         2417    .bss.l2             chassis_task.o
    0x200015f0        -       0x00000020   Zero   RW         2418    .bss.l3             chassis_task.o
    0x20001610        -       0x00000020   Zero   RW         2513    .bss.laser          led_task.o
    0x20001630        -       0x00000001   Zero   RW         2566    .bss.lastCtrlPlan   ptz_task.o
    0x20001631   0x08017990   0x00000003   PAD
    0x20001634        -       0x00000004   Zero   RW         2639    .bss.last_fire_num  fire_task.o
    0x20001638        -       0x00000001   Zero   RW         2677    .bss.mode_change    ammo_cover_task.o
    0x20001639        -       0x00000001   Zero   RW         2584    .bss.mode_static_bigbuff  ptz_task.o
    0x2000163a        -       0x00000001   Zero   RW         2583    .bss.mode_static_smallbuff  ptz_task.o
    0x2000163b   0x08017990   0x00000001   PAD
    0x2000163c        -       0x000000c0   Zero   RW          947    .bss.motorList      motor.o
    0x200016fc        -       0x0000003c   Zero   RW         2414    .bss.motorpid       chassis_task.o
    0x20001738        -       0x00000004   Zero   RW          658    .bss.noob_test      vision.o
    0x2000173c        -       0x00000004   Zero   RW         2718    .bss.number         state_task.o
    0x20001740        -       0x00000004   Zero   RW         2670    .bss.open_CD        ammo_cover_task.o
    0x20001744        -       0x00000038   Zero   RW         1289    .bss.power          power.o
    0x2000177c        -       0x00000015   Zero   RW          611    .bss.powerRecvMsg   can.o
    0x20001791   0x08017990   0x00000003   PAD
    0x20001794        -       0x00000008   Zero   RW          610    .bss.powerSendMsg   can.o
    0x2000179c        -       0x0000008c   Zero   RW         2552    .bss.ptz            ptz_task.o
    0x20001828        -       0x000000d0   Zero   RW          801    .bss.pwmMpuTemp     pwm.o
    0x200018f8        -       0x00000004   Zero   RW         2719    .bss.qqq            state_task.o
    0x200018fc        -       0x00000014   Zero   RW         2723    .bss.reset          state_task.o
    0x20001910        -       0x00000004   Zero   RW          633    .bss.runTimeTicks   timer.o
    0x20001914        -       0x00000012   Zero   RW          835    .bss.sbus_rx_buffer  dbus.o
    0x20001926   0x08017990   0x00000002   PAD
    0x20001928        -       0x00000038   Zero   RW           57    .bss.scheduleLoop   stm32f4xx_it.o
    0x20001960        -       0x00000004   Zero   RW         2545    .bss.send_roll_offset  ptz_task.o
    0x20001964        -       0x00000004   Zero   RW         2427    .bss.simulative_angle_now  chassis_task.o
    0x20001968        -       0x00000004   Zero   RW         2635    .bss.singlefireback_time  fire_task.o
    0x2000196c        -       0x00000004   Zero   RW         2428    .bss.sssss          chassis_task.o
    0x20001970        -       0x00000070   Zero   RW         2716    .bss.stateCtrl      state_task.o
    0x200019e0        -       0x00000001   Zero   RW         2580    .bss.static_armor   ptz_task.o
    0x200019e1        -       0x00000001   Zero   RW         2582    .bss.static_buff    ptz_task.o
    0x200019e2        -       0x00000001   Zero   RW         2581    .bss.static_rotate  ptz_task.o
    0x200019e3   0x08017990   0x00000001   PAD
    0x200019e4        -       0x00000004   Zero   RW           27    .bss.sysTickUptime  board.o
    0x200019e8        -       0x00000020   Zero   RW          657    .bss.tmp_RecvBuff   vision.o
    0x20001a08        -       0x00000006   Zero   RW          655    .bss.visionInfo     vision.o
    0x20001a0e   0x08017990   0x00000002   PAD
    0x20001a10        -       0x00000004   Zero   RW         2474    .bss.visionSendPitch  imu_task.o
    0x20001a14        -       0x00000004   Zero   RW         2473    .bss.visionSendYaw  imu_task.o
    0x20001a18        -       0x0000001f   Zero   RW          651    .bss.vision_RecvStruct  vision.o
    0x20001a37   0x08017990   0x00000001   PAD
    0x20001a38        -       0x0000003c   Zero   RW          653    .bss.vision_Rx_DMA_InitStructure  vision.o
    0x20001a74        -       0x0000001a   Zero   RW          652    .bss.vision_SendStruct  vision.o
    0x20001a8e   0x08017990   0x00000002   PAD
    0x20001a90        -       0x0000003c   Zero   RW          654    .bss.vision_Tx_DMA_InitStructure  vision.o
    0x20001acc   0x08017990   0x00000004   PAD
    0x20001ad0        -       0x0000a000   Zero   RW         2381    HEAP                startup_stm32f40_41xxx.o
    0x2000bad0        -       0x00004000   Zero   RW         2380    STACK               startup_stm32f40_41xxx.o


==============================================================================

Image component sizes


      Code (inc. data)   RO Data    RW Data    ZI Data      Debug   Object Name

       212          0          4          0         32      20937   adc.o
       168          0          0          0          0       1538   ahrs_middleware.o
      1974         44          4          4        174      26826   ammo_cover_task.o
       186          0         69          0         32      20205   bl24c512a.o
       536          8          0          0          5      22292   board.o
      1698          8          4          0        157      26864   can.o
      1098          4          0          0          0      20079   can_calculate.o
      6810        216          4         32        460      32132   chassis_task.o
       324          0        768          2          0       3109   crc.o
       116          4          0          0          0      17889   cycle.o
      2158          0          0          1        271      26612   dbus.o
       490          8          0          0          0      14328   filter.o
      4908         80          4          1        455      30871   fire_task.o
      1174          0          4          0         64      23104   flash_var.o
      2116          8        122          0          0      29504   iic.o
      7374         56         37          0        146      41644   imu.o
      1590          4          0          0        208      30052   imu_task.o
        64          0          0          0          0      17839   iwdg.o
      2658         10          4          3        870      34751   judgement.o
      6722          4         72          0         32     101437   keyprocess.o
       884          0          0          0          0      21784   led.o
       354          0          4          0         65      20721   led_task.o
        32          0          0          0          0      17540   main.o
       290          0          0          0          0       2913   misc.o
      2780         24          0         30        272      28852   motor.o
       890          0        113          0          0      20319   mpu6050.o
      1560          0         42          1          0      32451   multi_imu.o
       886          8          0       1028          0       5358   my_math.o
      3134         18          0          0          0      26342   pid.o
      2262         76          4          0         59      21693   power.o
      6086         32          4         21       1393      38484   ptz_task.o
       382          0          4          0        208      25505   pwm.o
       606          4          0          0          0      19836   schedule.o
       388          8          4          0        192      20384   smooth_start.o
        36          8        392          0      57344        868   startup_stm32f40_41xxx.o
      4810         26          4         36        177      29694   state_task.o
      2358          0          0          0          0       9652   stm32f4xx_can.o
      1400          0          0          0          0       5700   stm32f4xx_dma.o
       630          0          0          0          0       7908   stm32f4xx_flash.o
       372          0          0          0          0       4493   stm32f4xx_gpio.o
       116          0          0          0         56       1640   stm32f4xx_it.o
       110          0          0          0          0       1580   stm32f4xx_iwdg.o
       606          0         16          0          0      10689   stm32f4xx_rcc.o
       498          0          0          0          0      19886   stm32f4xx_tim.o
      1256          0          0          0          0       7233   stm32f4xx_usart.o
       426          0          0          0          0       3244   system_stm32f4xx.o
         0          0          0          0          8      12135   task_virtual.o
       968          4          0          0          0      26395   timematch.o
       298          0          0          0          4      21524   timer.o
      1002          0          4          0        255      29235   vision.o

    ----------------------------------------------------------------------
     78088        666       1719       1164      63004    1036071   Object Totals
         0          0         32          0          0          0   (incl. Generated)
       292          4          0          5         65          0   (incl. Padding)

    ----------------------------------------------------------------------

      Code (inc. data)   RO Data    RW Data    ZI Data      Debug   Library Member Name

      2718         84         12         16          0      11366   ahrs.o
         0          0       2052          0          0       4636   arm_common_tables.o
       120         12          0          0          0      16970   arm_cos_f32.o
       116         12          0          0          0        658   arm_sin_f32.o
        50          0          0          0          0        380   new.cpp.o
         4          0          0          0          0         68   vector.cpp.o
         4          0          0          0          0         36   abort_message.cpp.o
        12          0          0          0          4        148   cxa_handlers.cpp.o
        40         32          0          0          0         52   cxa_virtual.cpp.o
      2218          0        310          0          0       1048   private_typeinfo.cpp.o
         2          0         21          0          0        196   stdlib_typeinfo.cpp.o
       300         42          0          0          0        176   asinf.o
       684         90          0          0          0        208   atan2f.o
       368         46         48          0          0        200   cos_i.o
       336         56          0          0          0        136   cosf.o
        84         16          0          0          0        372   dunder.o
        24          0          0          0          0        124   fabs.o
        48          0          0          0          0        124   fpclassify.o
        38          0          0          0          0        116   fpclassifyf.o
        44         12          0          0          0        464   funder.o
       248          0          0          0          0        152   poly.o
      1080        142        204          0          0        188   rred.o
       340         24         32          0          0        160   rredf.o
       200         20          0          0          0        164   sin.o
       304         24         40          0          0        208   sin_i.o
       400         56          0          0          0        212   sinf.o
       120          0          0          0          0        272   sqrtf.o
       380         58          0          0          0        200   tanf.o
        46          0          0          0          0         84   aeabi_atexit.o
         8          4          0          4          0         68   cpp_dtor.o
         2          0          0          0          0         68   cpp_final.o
        32          8          0          0          0         80   cpp_init.o
        10          0          0          0          0         68   cxa_atexit.o
        66          0          0          0          0         84   cxa_finalize.o
         0          0          0          0          0          0   entry.o
         0          0          0          0          0          0   entry10a.o
         4          0          0          0          0          0   entry10b.o
         0          0          0          0          0          0   entry11a.o
         8          4          0          0          0          0   entry2.o
         4          0          0          0          0          0   entry5.o
         0          0          0          0          0          0   entry7b.o
         4          0          0          0          0          0   entry8a.o
         0          0          0          0          0          0   entry8b.o
         8          4          0          0          0          0   entry9a.o
        12          6          0          4          0         68   errno.o
        30          0          0          0          0          0   handlers.o
        36          8          0          0          0         68   init.o
         0          0          0          0          0          0   iusefp.o
        98          0          0          0          0         84   ldiv.o
        30          0          0          0          0         68   llshl.o
        36          0          0          0          0         68   llsshr.o
        32          0          0          0          0         68   llushr.o
       314         24          0          0          0        324   mallocra.o
        26          0          0          0          0         80   memcmp.o
        64          0          0          0          0         76   memmovea.o
        36          0          0          0          0        108   memseta.o
         0          0          0          8          0          0   mvars.o
        36         10          0          4          0        136   rand.o
        28          0          0          0          0         76   strcmp.o
        98          0          0          0          0         92   uldiv.o
        56          0          0          0          0         88   d2f.o
       334          0          0          0          0        148   dadd.o
        54          0          0          0          0         80   dcmpge.o
        54          0          0          0          0         80   dcmple.o
       222          0          0          0          0        100   ddiv.o
       186          0          0          0          0        176   depilogue.o
        62          0          0          0          0         80   dfixi.o
        34          0          0          0          0         76   dflti.o
        40          0          0          0          0         80   dfltl.o
        26          0          0          0          0         76   dfltui.o
        24          0          0          0          0         76   dfltul.o
       228          0          0          0          0         96   dmul.o
        38          0          0          0          0         68   f2d.o
       110          0          0          0          0        168   fepilogue.o
        44          0          0          0          0         68   ffixul.o
        28          0          0          0          0         84   ffltul.o

    ----------------------------------------------------------------------
     12920        794       2725         36          4      42346   Library Totals
        30          0          6          0          0          0   (incl. Padding)

    ----------------------------------------------------------------------

      Code (inc. data)   RO Data    RW Data    ZI Data      Debug   Library Name

      2718         84         12         16          0      11366   AHRS.lib
       236         24       2052          0          0      22264   arm_cortexM4lf_math.lib
        54          0          0          0          0        448   libcpp_w.l
      2276         32        331          0          4       1480   libcppabi_w.l
      4998        586        324          0          0       3476   m_wm.l
      1068         68          0         20          0       1768   mc_w.l
      1540          0          0          0          0       1544   mf_w.l

    ----------------------------------------------------------------------
     12920        794       2725         36          4      42346   Library Totals

    ----------------------------------------------------------------------

==============================================================================


      Code (inc. data)   RO Data    RW Data    ZI Data      Debug   

     91008       1460       4444       1200      63008    1072781   Grand Totals
     91008       1460       4444       1200      63008    1072781   ELF Image Totals
     91008       1460       4444       1200          0          0   ROM Totals

==============================================================================

    Total RO  Size (Code + RO Data)                95452 (  93.21kB)
    Total RW  Size (RW Data + ZI Data)             64208 (  62.70kB)
    Total ROM Size (Code + RO Data + RW Data)      96652 (  94.39kB)

==============================================================================

